[Windows 95 Params]
	WndTitle   = Windows 95 için Microsoft Office Professional Kur
	WndMess    = Windows 95 için Office Professional Kur baþlýyor, lütfen bekleyin...
	TmpDirSize = 2000
	TmpDirName = ~msstfqf.t
	CmdLine    = acmsetup /T setup.stf /S %s %s
	DrvModName = ACMSETUP
	DrvWinClass= Stuff-Shell
	CabinetFile     = MSOFF1.CAB
	Require31  = Bu program Windows 3.5 veya yukarýsýný gerektirir.
	FirstCabNum = 1
	InsertCDMsg	= Lütfen Microsoft Office Professional 95 CD 1'i yerleþtirin.
	InsertDiskMsg	= Lütfen Microsoft Office Professional 95 Disket 1'i yerleþtirin.

[Windows 95 Files]
	@acmsetup.exe = acmsetup.exe
	@acmsetup.hlp = acmsetup.hlp
	@mssetup.dll  = mssetup.dll
	@setup.stf  = setup.stf
	@off95pro.inf   = off95pro.inf
	@odbccp32.dll = odbccp32.dll
	@odbcint.dll = odbcint.dll
	@ffast_bb.dll = ffast_bb.dll
	@odbcstf.dll = odbcstf.dll
	@odbckey.inf = odbckey.inf
 	@msvcrt20.dll = msvcrt20.dll
	@off95_bb.dll = off95_bb.dll
	@offsetup.ttf = offsetup.ttf
	@msacccah.dll = msacccah.dll
	@msaccbb.dll = msaccbb.dll
	@off95inv.dll = off95inv.dll
       
[NT Intel Params]
	WndTitle   = Windows 95 için Microsoft Office Professional Kur
	WndMess    = Windows 95 için Office Professional Kur baþlýyor, lütfen bekleyin...
	TmpDirSize = 2000
	TmpDirName = ~msstfqf.t
	CmdLine    = acmsetup /T setup.stf /S %s %s
	DrvModName = ACMSETUP
	Require31  = Bu program Windows 3.5 veya yukarýsýný gerektirir.
	CabinetFile     = MSOFF1.CAB
	DrvWinClass	= Stuff-Shell
	FirstCabNum = 1
	InsertCDMsg	= Lütfen Microsoft Office Professional 95 CD 1'i yerleþtirin.
	InsertDiskMsg	= Lütfen Microsoft Office Professional 95 Disket 1'i yerleþtirin.

[NT Intel Files]
	@acmsetup.exe = acmsetup.exe
	@acmsetup.hlp = acmsetup.hlp
	@mssetup.dll  = mssetup.dll
	@setup.stf  = setup.stf
	@off95pro.inf   = off95pro.inf
	@ffast_bb.dll = ffast_bb.dll
	@odbccp32.dll = odbccp32.dll
	@odbcint.dll = odbcint.dll
	@odbcstf.dll = odbcstf.dll
	@odbckey.inf = odbckey.inf
    	@msvcrt20.dll = msvcrt20.dll
	@off95_bb.dll = off95_bb.dll
	@offsetup.ttf = offsetup.ttf
	@msacccah.dll = msacccah.dll
	@msaccbb.dll = msaccbb.dll
	@off95inv.dll = off95inv.dll
