
 Start         Length     Name                   Class
 0001:00000000 0006BE6CH .text                   CODE
 0002:00000000 00001664H .data                   DATA
 0002:00001664 00000728H .bss                    BSS


Detailed map of segments

 0001:00000000 00003FC0 C=CODE     S=.text    G=(none)   M=System   ACBP=A9
 0001:00003FC0 000009B7 C=CODE     S=.text    G=(none)   M=Windows  ACBP=A9
 0001:00004978 000039CA C=CODE     S=.text    G=(none)   M=SysUtils ACBP=A9
 0001:00008344 0000055D C=CODE     S=.text    G=(none)   M=TypInfo  ACBP=A9
 0001:000088A4 000069BA C=CODE     S=.text    G=(none)   M=Classes  ACBP=A9
 0001:0000F260 000000CA C=CODE     S=.text    G=(none)   M=CommCtrl ACBP=A9
 0001:0000F32C 0000001E C=CODE     S=.text    G=(none)   M=Printers ACBP=A9
 0001:0000F34C 00001FA5 C=CODE     S=.text    G=(none)   M=Menus    ACBP=A9
 0001:000112F4 00007773 C=CODE     S=.text    G=(none)   M=Controls ACBP=A9
 0001:00018A68 00005F6D C=CODE     S=.text    G=(none)   M=Graphics ACBP=A9
 0001:0001E9D8 00006EEF C=CODE     S=.text    G=(none)   M=Forms    ACBP=A9
 0001:000258C8 000074BB C=CODE     S=.text    G=(none)   M=StdCtrls ACBP=A9
 0001:0002CD84 0000234F C=CODE     S=.text    G=(none)   M=ExtCtrls ACBP=A9
 0001:0002F0D4 000007C4 C=CODE     S=.text    G=(none)   M=Dialogs  ACBP=A9
 0001:0002F898 000071BE C=CODE     S=.text    G=(none)   M=Bde      ACBP=A9
 0001:00036A58 0000045B C=CODE     S=.text    G=(none)   M=DBPWDlg  ACBP=A9
 0001:00036EB4 0000028A C=CODE     S=.text    G=(none)   M=DBLogDlg ACBP=A9
 0001:00037140 00000588 C=CODE     S=.text    G=(none)   M=Clipbrd  ACBP=A9
 0001:000376C8 000024DA C=CODE     S=.text    G=(none)   M=Mask     ACBP=A9
 0001:00039BA4 000095E8 C=CODE     S=.text    G=(none)   M=DBTables ACBP=A9
 0001:0004318C 0000C1A8 C=CODE     S=.text    G=(none)   M=DB       ACBP=A9
 0001:0004F334 000007D7 C=CODE     S=.text    G=(none)   M=ComCtrls ACBP=A9
 0001:0004FB0C 00001277 C=CODE     S=.text    G=(none)   M=Tabnotbk ACBP=A9
 0001:00050D84 000029E0 C=CODE     S=.text    G=(none)   M=Buttons  ACBP=A9
 0001:00053764 00005F44 C=CODE     S=.text    G=(none)   M=DBCtrls  ACBP=A9
 0001:000596A8 00005777 C=CODE     S=.text    G=(none)   M=Grids    ACBP=A9
 0001:0005EE20 00006AF5 C=CODE     S=.text    G=(none)   M=DBGrids  ACBP=A9
 0001:00065918 00003A4D C=CODE     S=.text    G=(none)   M=DBLookup ACBP=A9
 0001:00069368 00000026 C=CODE     S=.text    G=(none)   M=OLE2     ACBP=A9
 0001:00069390 00000C49 C=CODE     S=.text    G=(none)   M=OleAuto  ACBP=A9
 0001:00069FDC 000000D6 C=CODE     S=.text    G=(none)   M=OleCtnrs ACBP=A9
 0001:0006A0B4 00001D44 C=CODE     S=.text    G=(none)   M=Staj1    ACBP=A9
 0001:0006BDF8 00000073 C=CODE     S=.text    G=(none)   M=Staj     ACBP=A9
 0002:00000000 000000DA C=DATA     S=.data    G=DGROUP   M=System   ACBP=A9
 0002:000000DC 00000144 C=DATA     S=.data    G=DGROUP   M=SysUtils ACBP=A9
 0002:00000220 00000004 C=DATA     S=.data    G=DGROUP   M=TypInfo  ACBP=A9
 0002:00000224 00000024 C=DATA     S=.data    G=DGROUP   M=Classes  ACBP=A9
 0002:00000248 0000000C C=DATA     S=.data    G=DGROUP   M=Printers ACBP=A9
 0002:00000254 00000082 C=DATA     S=.data    G=DGROUP   M=Menus    ACBP=A9
 0002:000002D8 000000D0 C=DATA     S=.data    G=DGROUP   M=Controls ACBP=A9
 0002:000003A8 00000250 C=DATA     S=.data    G=DGROUP   M=Graphics ACBP=A9
 0002:000005F8 000000F0 C=DATA     S=.data    G=DGROUP   M=Forms    ACBP=A9
 0002:000006E8 000000D8 C=DATA     S=.data    G=DGROUP   M=StdCtrls ACBP=A9
 0002:000007C0 0000000E C=DATA     S=.data    G=DGROUP   M=ExtCtrls ACBP=A9
 0002:000007D0 0000008C C=DATA     S=.data    G=DGROUP   M=Dialogs  ACBP=A9
 0002:0000085C 00000B44 C=DATA     S=.data    G=DGROUP   M=Bde      ACBP=A9
 0002:000013A0 0000000C C=DATA     S=.data    G=DGROUP   M=Clipbrd  ACBP=A9
 0002:000013AC 00000009 C=DATA     S=.data    G=DGROUP   M=Mask     ACBP=A9
 0002:000013B8 000000C4 C=DATA     S=.data    G=DGROUP   M=DBTables ACBP=A9
 0002:0000147C 000000F0 C=DATA     S=.data    G=DGROUP   M=DB       ACBP=A9
 0002:0000156C 00000001 C=DATA     S=.data    G=DGROUP   M=Tabnotbk ACBP=A9
 0002:00001570 0000008C C=DATA     S=.data    G=DGROUP   M=Buttons  ACBP=A9
 0002:000015FC 00000040 C=DATA     S=.data    G=DGROUP   M=DBCtrls  ACBP=A9
 0002:0000163C 0000000C C=DATA     S=.data    G=DGROUP   M=DBGrids  ACBP=A9
 0002:00001648 00000010 C=DATA     S=.data    G=DGROUP   M=OLE2     ACBP=A9
 0002:00001658 0000000C C=DATA     S=.data    G=DGROUP   M=OleAuto  ACBP=A9
 0002:00002000 00000494 C=BSS      S=.bss     G=DGROUP   M=System   ACBP=A9
 0002:00002494 000000C4 C=BSS      S=.bss     G=DGROUP   M=SysUtils ACBP=A9
 0002:00002558 00000014 C=BSS      S=.bss     G=DGROUP   M=Classes  ACBP=A9
 0002:0000256C 00000004 C=BSS      S=.bss     G=DGROUP   M=Printers ACBP=A9
 0002:00002570 00000050 C=BSS      S=.bss     G=DGROUP   M=Menus    ACBP=A9
 0002:000025C0 00000040 C=BSS      S=.bss     G=DGROUP   M=Controls ACBP=A9
 0002:00002600 00000024 C=BSS      S=.bss     G=DGROUP   M=Graphics ACBP=A9
 0002:00002624 00000034 C=BSS      S=.bss     G=DGROUP   M=Forms    ACBP=A9
 0002:00002658 00000008 C=BSS      S=.bss     G=DGROUP   M=Dialogs  ACBP=A9
 0002:00002660 00000018 C=BSS      S=.bss     G=DGROUP   M=Bde      ACBP=A9
 0002:00002678 00000008 C=BSS      S=.bss     G=DGROUP   M=Clipbrd  ACBP=A9
 0002:00002680 00000028 C=BSS      S=.bss     G=DGROUP   M=DB       ACBP=A9
 0002:000026A8 0000002C C=BSS      S=.bss     G=DGROUP   M=Buttons  ACBP=A9
 0002:000026D4 00000008 C=BSS      S=.bss     G=DGROUP   M=DBGrids  ACBP=A9
 0002:000026DC 00000008 C=BSS      S=.bss     G=DGROUP   M=OleAuto  ACBP=A9
 0002:000026E4 0000003C C=BSS      S=.bss     G=DGROUP   M=OleCtnrs ACBP=A9
 0002:00002720 00000008 C=BSS      S=.bss     G=DGROUP   M=Staj1    ACBP=A9


  Address         Publics by Name

 0002:000012C4       .
 0001:00036170       .
 0002:0000085C       .
 0001:0002F8B0       .
 0002:00002660       .
 0001:00001914       @AbstractError
 0001:00003634       @AddExitProc
 0001:00003AB9       @Append
 0001:00001C50       @AsClass
 0001:0000384D       @Assign
 0001:00001950       @AStrCmp
 0001:00001C98       @CallDynaInst
 0001:00001DC8       @ClassCreate
 0001:00001E04       @ClassDestroy
 0001:000038F0       @Close
 0001:00001760       @Copy
 0001:00002C88       @DispInvokeError
 0001:00002B30       @Dispose
 0001:00002224       @DoneExcept
 0001:000019C0       @FillChar
 0002:000015F0       @FinalizationRec
 0002:00001560       @FinalizationRec
 0002:0000023C       @FinalizationRec
 0002:00001658       @FinalizationRec
 0002:000013A0       @FinalizationRec
 0002:00000248       @FinalizationRec
 0002:00000850       @FinalizationRec
 0001:00002B10       @Finalize
 0001:00002A88       @FinalizeArray
 0001:00002A60       @FinalizeRecord
 0001:000038C8       @Flush
 0001:00001688       @FreeMem
 0001:00001670       @GetMem
 0001:00002448       @GetTls
 0001:00003A53       @Halt
 0001:00003A4F       @Halt0
 0001:00001F08       @HandleAnyException
 0001:000020FC       @HandleFinally
 0001:00001FCC       @HandleOnException
 0001:000023DC       @InitExe
 0001:00002A54       @Initialize
 0001:000029D0       @InitializeArray
 0001:000029A8       @InitializeRecord
 0001:00001C38       @IsClass
 0001:000027A4       @LStrAddRef
 0001:0000249C       @LStrArrayClr
 0001:000024CC       @LStrAsg
 0001:000025F8       @LStrCat
 0001:0000263C       @LStrCat3
 0001:000026B0       @LStrCatN
 0001:0000247C       @LStrClr
 0001:00002700       @LStrCmp
 0001:000027F4       @LStrCopy
 0001:00002834       @LStrDelete
 0001:000025D8       @LStrFromArray
 0001:0000258C       @LStrFromChar
 0001:0000255C       @LStrFromLenStr
 0001:000025A8       @LStrFromPChar
 0001:0000259C       @LStrFromString
 0001:0000287C       @LStrInsert
 0001:00002510       @LStrLAsg
 0001:000025F0       @LStrLen
 0001:000028D8       @LStrPos
 0001:00002920       @LStrSetLength
 0001:000027B4       @LStrToPChar
 0001:00002984       @LStrToString
 0001:00002B1C       @New
 0001:00002538       @NewAnsiString
 0001:00003C38       @Pow10
 0001:00001920       @PStrNCpy
 0001:000021D0       @RaiseAgain
 0001:000021B4       @RaiseExcept
 0001:000016A0       @ReallocMem
 0001:00003AAB       @ResetText
 0001:00003AB2       @RewritText
 0001:0000190C       @ROUND
 0001:00003A60       @Run0Error
 0001:00003A64       @RunError
 0001:00002134       @SafeCall
 0001:00001AF4       @SetEq
 0001:00001B08       @SetExpand
 0001:00001A40       @Str0Long
 0001:000019E0       @StrLong
 0001:00002254       @TryFinallyExit
 0001:00001A4C       @ValLong
 0001:000034A8       @VarArrayGet
 0001:0000352C       @VarArrayPut
 0001:000032B4       @VarClr
 0001:000031C8       @VarCmp
 0001:000032AC       @VarCopy
 0001:0000309C       @VarFromBool
 0001:000030D4       @VarFromCurr
 0001:00003084       @VarFromInt
 0001:000030EC       @VarFromLStr
 0001:000030BC       @VarFromReal
 0001:00002F5C       @VarToBool
 0001:00002FEC       @VarToCurr
 0001:00002EF0       @VarToInt
 0001:00003048       @VarToLStr
 0001:00002F90       @VarToReal
 0001:00003B9F       @Write0Char
 0001:00003C08       @Write0CString
 0001:00003B64       @Write0String
 0001:00003BF1       @WriteChar
 0001:00003C0C       @WriteCString
 0001:00003B8B       @WriteLn
 0001:00003B6E       @WriteString
 0001:000038A3       @_Flush
 0001:00001730       @_IOTest
 0001:00007624       Abort
 0002:00001480       AcquiredTimer
 0001:00046464       AddDBInfo
 0001:000466B8       AddDBOpen
 0001:00005058       AddExitProc
 0001:0000BCB8       AddFinished
 0001:0001028C       AddIn
 0001:0000BCF0       AddNotFinished
 0001:0002E778       AdjustColors
 0001:0004AE14       AdjustFirstRecord
 0001:00005220       AdjustLineBreaks
 0001:00020398       Adjustment
 0001:000043B0       AdjustWindowRectEx
 0002:0000163C       AlignFlags
 0002:0000077C       Alignments
 0002:000007C8       Alignments
 0002:0000072C       Alignments
 0002:00000774       Alignments
 0002:000006F0       Alignments
 0001:00014A88       AlignWork
 0001:0001FF50       AllocateHWnd
 0001:00005010       AllocMem
 0002:00002400       AllocMemCount
 0002:00002404       AllocMemSize
 0001:0000DFD0       AncestorValid
 0001:000051E8       AnsiCompareText
 0001:000043B8       AnsiLower
 0001:000051B8       AnsiLowerCase
 0001:00044BEC       AnsiToNative
 0001:00044C60       AnsiToNativeBuf
 0001:00005188       AnsiUpperCase
 0002:00002624       Application
 0001:00008620       AssignString
 0002:000026DC       Automation
 0001:000139E8       BackgroundClipped
 0002:00002724       bak
 0002:00001530       BaseTypes
 0001:0003BDA0       BCDToCurr
 0001:000449D4       BdeCallBack
 0002:000026A4       BDEInitProcs
 0001:00009894       BeginGlobalLoading
 0001:000043C0       BeginPaint
 0001:0002E1F0       BevelLine
 0001:0002E100       BevelRect
 0001:000041A8       BitBlt
 0002:0000159C       BitBtnCaptions
 0002:000026A8       BitBtnGlyphs
 0002:000015B4       BitBtnModalResults
 0002:00001570       BitBtnResNames
 0002:000005F4       BitmapCanvasList
 0002:000005E4       BitmapClipFormat
 0002:000005B4       BitmapFormat
 0002:000014F4       BlobTypeMap
 0002:00000624       BlockCode
 0001:0001967C       BlockCompare
 0002:00001514       BoolFalse
 0002:000006E8       BorderStyles
 0002:000007C0       BorderStyles
 0001:00009498       Bounds
 0002:00000288       Breaks
 0002:0000261C       BrushManager
 0002:00001624       BtnHintId
 0002:000015FC       BtnTypeName
 0001:00044B9C       BuffersEqual
 0001:00059B74       Build
 0001:00010CF8       BuildImage
 0002:00000818       ButtonCaptions
 0002:000015E8       ButtonCount
 0002:000007F4       ButtonNames
 0001:00053748       Buttons
 0002:0000076C       ButtonStyles
 0002:00000220       C10000
 0001:0005C42C       CalcAxis
 0001:0005BAE4       CalcAxis
 0001:0005BCF0       CalcAxisState
 0001:0005BB68       CalcFixedAxis
 0001:0001FE8C       CalcJmpOffset
 0001:0005BC7C       CalcMaxCell
 0001:0005D63C       CalcPageExtents
 0001:0005CF80       CalcScroll
 0001:0005C7DC       CalcScrollBar
 0001:0005D2AC       CalcSizeInfo
 0001:000043C8       CallNextHookEx
 0001:000043D0       CallWindowProc
 0001:00012D04       CancelDrag
 0002:00002620       CanvasList
 0002:000025FC       CanvasList
 0002:000007D4       Captions
 0002:0000037C       CaptureControl
 0002:00001548       CBRetCode
 0002:000026F0       CFEmbeddedObject
 0002:000026F4       CFLinkSource
 0002:000026EC       CFObjectDescriptor
 0002:0000267A       CF_COMPONENT
 0002:00002678       CF_PICTURE
 0001:00005508       ChangeFileExt
 0002:0000070C       CharCases
 0001:000043D8       CharLowerBuff
 0001:000043E0       CharToOem
 0001:000043E8       CharToOemBuff
 0001:000043F0       CharUpperBuff
 0001:00044F78       Check
 0001:0001BCD8       CheckBool
 0001:0003BD8C       CheckIndexOpen
 0001:000043F8       CheckMenuItem
 0002:00000278       Checks
 0001:0001FB20       CheckTaskWindow
 0001:00044E20       CheckTypeSize
 0002:0000022C       ClassAliasList
 0001:0000F1F4       Classes
 0001:000694B0       ClassIDToString
 0002:00000228       ClassList
 0001:000094C0       ClassNotFound
 0001:00010018       Clear
 0001:000197F4       ClearColor
 0001:00063A34       ClearSelection
 0001:00004400       ClientToScreen
 0001:00017718       ClientToWindow
 0001:00037644       Clipboard
 0002:000005F0       ClipboardFormatList
 0001:00037670       Clipbrd
 0001:00004408       CloseClipboard
 0001:00003FE8       CloseHandle
 0002:0000201C       CmdLine
 0002:00002018       CmdShow
 0001:00009ABC       CollectionsEqual
 0002:000003A8       Colors
 0001:00019BCC       ColorToIdent
 0001:00019BBC       ColorToRGB
 0002:00000750       ComboBoxStyles
 0002:000025B8       CommandPool
 0001:00059E8C       CompareExtents
 0001:0000FC4C       CompareFront
 0001:00009A04       CompareMem
 0001:0001BFCC       CompareMem
 0001:00005104       CompareStr
 0001:00003FF0       CompareString
 0001:00005134       CompareText
 0001:0000C404       ComponentCreated
 0001:0001BA94       ComputeAldusChecksum
 0002:000025C4       ControlAtom
 0001:00018A48       Controls
 0001:0001D548       CopyBitmap
 0001:000041B0       CopyEnhMetaFile
 0001:0001D7B4       CopyPalette
 0001:00069370       CoTaskMemFree
 0001:000041B8       CreateBitmap
 0001:000041C0       CreateBrushIndirect
 0001:00051C34       CreateBrushPattern
 0001:000041C8       CreateCompatibleBitmap
 0001:000041D0       CreateCompatibleDC
 0001:0000C484       CreateComponent
 0001:000041D8       CreateDIBitmap
 0001:00003FF8       CreateFile
 0001:000041E0       CreateFontIndirect
 0001:00004410       CreateIcon
 0001:00004418       CreateMenu
 0001:0002F2A8       CreateMessageDialog
 0001:00004000       CreateMutexA
 0001:000041E8       CreatePalette
 0001:000041F0       CreatePenIndirect
 0001:00004420       CreatePopupMenu
 0001:000041F8       CreateRectRgn
 0001:000694DC       CreateRegKey
 0001:00004200       CreateSolidBrush
 0001:00004008       CreateThread
 0001:00004944       CreateWindow
 0001:00004428       CreateWindowEx
 0002:000002D8       CreationControl
 0002:0000263C       Ctl3DAutoSubclass
 0002:000005F8       Ctl3DBtnWndProc
 0002:00002644       Ctl3DColorChange
 0002:00000600       Ctl3DCtlColorEx
 0002:000005FC       Ctl3DDlgFramePaint
 0002:00000620       Ctl3DHandle
 0002:0000262C       Ctl3DRegister
 0002:00002634       Ctl3DSubclassCtl
 0002:00002638       Ctl3DSubclassDlg
 0002:00002640       Ctl3DUnAutoSubclass
 0002:00002630       Ctl3DUnregister
 0001:0005A080       Ctrl
 0002:0000249C       CurrencyDecimals
 0002:00002498       CurrencyFormat
 0002:00002494       CurrencyString
 0001:0003BE30       CurrToBCD
 0001:00005D00       CurrToStr
 0001:00005D68       CurrToStrF
 0002:00000674       CursorMap
 0002:000002DC       Cursors
 0001:000124FC       CursorToIdent
 0002:000013BC       CWNear
 0001:00044E90       DatabaseError
 0002:000026F8       DataFormats
 0002:00001470       DataType
 0002:0000249D       DateSeparator
 0001:000069AC       DateTimeToStr
 0001:00006950       DateTimeToString
 0001:00005EC8       DateTimeToTimeStamp
 0001:00006268       DayOfWeek
 0001:0004F2E4       DB
 0001:00044EA8       DBError
 0001:00044EF8       DBErrorFmt
 0001:000355FE       DbiAcqPersistTableLock
 0001:00035610       DbiAcqTableLock
 0001:00034F0E       DbiActivateFilter
 0001:00034872       DbiAddAlias
 0001:00034F1A       DbiAddFilter
 0001:00035436       DbiAddIndex
 0001:000355C2       DbiAddPassword
 0001:00034AF4       DbiAnsiToNative
 0001:000353DC       DbiAppendRecord
 0001:00034920       DbiApplyDelayedUpdates
 0001:00034EFC       DbiBatchMove
 0001:00034AC4       DbiBcdFromFloat
 0001:00034ACA       DbiBcdToFloat
 0001:0003492C       DbiBeginDelayedUpdates
 0001:0003564C       DbiBeginLinkMode
 0001:00034EEA       DbiBeginTran
 0001:000352E0       DbiCfgAddRecord
 0001:000352F8       DbiCfgBuildPath
 0001:000352D4       DbiCfgDropRecord
 0001:000352C8       DbiCfgGetHelp
 0001:000352EC       DbiCfgGetNextNode
 0001:000352E6       DbiCfgGetRecord
 0001:000352C2       DbiCfgMerge
 0001:000352DA       DbiCfgModifyRecord
 0001:000352F2       DbiCfgPosition
 0001:000352FE       DbiCfgSave
 0001:000352CE       DbiCfgTranslate
 0001:00035370       DbiCheckRefresh
 0001:00035466       DbiCloneCursor
 0001:00034B12       DbiCloseConfigFile
 0001:00035712       DbiCloseCursor
 0001:0003572A       DbiCloseDatabase
 0001:00034A76       DbiCloseFieldXlt
 0001:00035490       DbiCloseIndex
 0001:000355C8       DbiCloseSession
 0001:0003546C       DbiCompareBookMarks
 0001:000353D6       DbiCompareKeys
 0001:00035448       DbiCopyTable
 0001:0003565E       DbiCreateInMemTable
 0001:0003544E       DbiCreateTable
 0001:000353AC       DbiCreateTempTable
 0001:0003549C       DbiDateDecode
 0001:000354A2       DbiDateEncode
 0001:00034F08       DbiDeactivateFilter
 0001:00035298       DbiDebugLayerOptions
 0001:0003485A       DbiDeleteAlias
 0001:00035430       DbiDeleteIndex
 0001:000356D0       DbiDeleteRecord
 0001:0003543C       DbiDeleteTable
 0001:000369F2       DbiDLLExit
 0001:00035418       DbiDoRestructure
 0001:00034800       DbiDRAdd
 0001:000348F6       DbiDRAddAttr
 0001:0003490E       DbiDRClose
 0001:00034890       DbiDRCreate
 0001:00034854       DbiDRCreateEnumAttrDomain
 0001:000348FC       DbiDRCreateObjectType
 0001:000348EA       DbiDRCreateRelationType
 0001:0003488A       DbiDRDelete
 0001:00034848       DbiDRDeleteEnumAttrDomain
 0001:000348DE       DbiDRDeleteObjectType
 0001:000348E4       DbiDRDeleteRelationType
 0001:000347FA       DbiDRDrop
 0001:000348F0       DbiDRDropAttr
 0001:00034902       DbiDRExportToFile
 0001:000348C0       DbiDRGetAttrDescs
 0001:0003491A       DbiDRGetDesc
 0001:00034842       DbiDRGetEnumAttrDomain
 0001:000348A8       DbiDRGetObjID
 0001:000348C6       DbiDRGetObjTypeInfo
 0001:00034806       DbiDRGetRelatedObject
 0001:000348BA       DbiDRGetRelTypeInfo
 0001:00034908       DbiDRImportFromFile
 0001:00034896       DbiDRLoadDBObject
 0001:0003484E       DbiDRModifyEnumAttrDomain
 0001:00034914       DbiDROpen
 0001:000348D2       DbiDROpenAttrTypeList
 0001:000348D8       DbiDROpenObjectTypeList
 0001:000348B4       DbiDROpenObjSet
 0001:000348AE       DbiDROpenRelSet
 0001:000348CC       DbiDROpenRelTypeList
 0001:00034F14       DbiDropFilter
 0001:000355BC       DbiDropPassword
 0001:000348A2       DbiDRSetToObjID
 0001:0003489C       DbiDRSetToObjName
 0001:000353F4       DbiEmptyTable
 0001:00034926       DbiEndDelayedUpdates
 0001:00035646       DbiEndLinkMode
 0001:00034EE4       DbiEndTran
 0001:00044F50       DbiError
 0001:00036972       DbiExit
 0001:0003547E       DbiExtractKey
 0001:000355E0       DbiForceRecordReread
 0001:000355EC       DbiForceReread
 0001:000353A0       DbiFormFullName
 0001:0003552C       DbiFreeBlob
 0001:0003553E       DbiGetBlob
 0001:00035526       DbiGetBlobHeading
 0001:00035544       DbiGetBlobSize
 0001:00035478       DbiGetBookMark
 0001:0003536A       DbiGetCallBack
 0001:00034F3E       DbiGetClientInfo
 0001:000355CE       DbiGetCurrSession
 0001:000355E6       DbiGetCursorForTable
 0001:0003571E       DbiGetCursorProps
 0001:0003558C       DbiGetDatabaseDesc
 0001:000352BC       DbiGetDateFormat
 0001:0003481E       DbiGetDefaultRepository
 0001:000356B2       DbiGetDirectory
 0001:00035598       DbiGetDriverDesc
 0001:00035394       DbiGetErrorContext
 0001:0003538E       DbiGetErrorEntry
 0001:000353C4       DbiGetErrorInfo
 0001:0003539A       DbiGetErrorString
 0001:00034E96       DbiGetExactRecordCount
 0001:000354AE       DbiGetField
 0001:00035718       DbiGetFieldDescs
 0001:00035574       DbiGetFieldTypeDesc
 0001:00034A88       DbiGetFilterInfo
 0001:00035484       DbiGetIndexDesc
 0001:00034B06       DbiGetIndexDescs
 0001:0003542A       DbiGetIndexForField
 0001:00035424       DbiGetIndexSeqNo
 0001:00035568       DbiGetIndexTypeDesc
 0001:00034F26       DbiGetLdName
 0001:00034EC6       DbiGetLdNameFromDb
 0001:000353B8       DbiGetLdObj
 0001:00035634       DbiGetLinkStatus
 0001:000354FC       DbiGetNetUserName
 0001:000356FA       DbiGetNextRecord
 0001:000352A4       DbiGetNumberFormat
 0001:00034AE2       DbiGetObjFromName
 0001:00034A94       DbiGetObjFromObj
 0001:000356F4       DbiGetPriorRecord
 0001:00034AEE       DbiGetProp
 0001:000356EE       DbiGetRecord
 0001:000356E2       DbiGetRecordCount
 0001:000353D0       DbiGetRecordForKey
 0001:000356E8       DbiGetRelativeRecord
 0001:00034A4C       DbiGetRintDesc
 0001:000356CA       DbiGetSeqNo
 0001:00035502       DbiGetSesInfo
 0001:00035514       DbiGetSysConfig
 0001:0003550E       DbiGetSysInfo
 0001:0003551A       DbiGetSysVersion
 0001:00035550       DbiGetTableOpenCount
 0001:00035580       DbiGetTableTypeDesc
 0001:000352B0       DbiGetTimeFormat
 0001:00034EDE       DbiGetTranInfo
 0001:00034A52       DbiGetVchkDesc
 0001:0002F898       DbiInit
 0001:00036877       DbiInitFn
 0001:00035460       DbiInitRecord
 0001:000356DC       DbiInsertRecord
 0001:0003562E       DbiIsRecordLocked
 0001:00035628       DbiIsTableLocked
 0001:00035622       DbiIsTableShared
 0001:00035640       DbiLinkDetail
 0001:0003561C       DbiLinkDetailToExp
 0001:00035556       DbiLoadDriver
 0001:00034B00       DbiMakePermanent
 0001:000356D6       DbiModifyRecord
 0001:00034AFA       DbiNativeToAnsi
 0001:0003554A       DbiOpenBlob
 0001:00034B1E       DbiOpenCfgInfoList
 0001:00034B18       DbiOpenConfigFile
 0001:00035730       DbiOpenDatabase
 0001:00035592       DbiOpenDatabaseList
 0001:0003559E       DbiOpenDriverList
 0001:0003567C       DbiOpenFamilyList
 0001:00035694       DbiOpenFieldList
 0001:0003557A       DbiOpenFieldTypesList
 0001:00034A64       DbiOpenFieldXlt
 0001:000356A0       DbiOpenFileList
 0001:0003487E       DbiOpenFunctionArgList
 0001:00034884       DbiOpenFunctionList
 0001:00035496       DbiOpenIndex
 0001:0003569A       DbiOpenIndexList
 0001:0003556E       DbiOpenIndexTypesList
 0001:0003568E       DbiOpenLdList
 0001:000355B0       DbiOpenLockList
 0001:0003482A       DbiOpenRepositoryList
 0001:00035682       DbiOpenRintList
 0001:00035664       DbiOpenSecurityList
 0001:0003480C       DbiOpenSessionRepository
 0001:000349F2       DbiOpenSPList
 0001:000349EC       DbiOpenSPParamList
 0001:00035724       DbiOpenTable
 0001:000356A6       DbiOpenTableList
 0001:00035586       DbiOpenTableTypesList
 0001:000355B6       DbiOpenUserList
 0001:00035688       DbiOpenVchkList
 0001:000353FA       DbiPackTable
 0001:00035538       DbiPutBlob
 0001:000354A8       DbiPutField
 0001:000354C0       DbiQAlloc
 0001:000354D8       DbiQExec
 0001:000354E4       DbiQExecDirect
 0001:000349DA       DbiQExecProcDirect
 0001:000354C6       DbiQFree
 0001:000354CC       DbiQInstantiateAnswer
 0001:000354DE       DbiQPrepare
 0001:000349D4       DbiQPrepareExt
 0001:000349E6       DbiQPrepareProc
 0001:000354D2       DbiQSetParams
 0001:000349E0       DbiQSetProcParams
 0001:00035658       DbiReadBlock
 0001:000353EE       DbiRegenIndex
 0001:000353E8       DbiRegenIndexes
 0001:000354B4       DbiRegisterCallBack
 0001:000355F8       DbiRelPersistTableLock
 0001:00035604       DbiRelRecordLock
 0001:0003560A       DbiRelTableLock
 0001:00035442       DbiRenameTable
 0001:000356BE       DbiResetRange
 0001:000355F2       DbiSaveChanges
 0001:000347F4       DbiSchemaCacheFlush
 0001:000355D4       DbiSetCurrSession
 0001:000352B6       DbiSetDateFormat
 0001:00034824       DbiSetDefaultRepository
 0001:000356AC       DbiSetDirectory
 0001:000353CA       DbiSetFieldMap
 0001:000355A4       DbiSetLockRetry
 0001:0003529E       DbiSetNumberFormat
 0001:000355AA       DbiSetPrivateDir
 0001:00034AE8       DbiSetProp
 0001:000356C4       DbiSetRange
 0001:000352AA       DbiSetTimeFormat
 0001:0003570C       DbiSetToBegin
 0001:00035472       DbiSetToBookMark
 0001:00035700       DbiSetToCursor
 0001:00035706       DbiSetToEnd
 0001:000356B8       DbiSetToKey
 0001:0003541E       DbiSetToRecordNo
 0001:0003545A       DbiSetToSeqNo
 0001:00034ED8       DbiSortTable
 0001:000355DA       DbiStartSession
 0001:0003548A       DbiSwitchToIndex
 0001:0003540C       DbiTimeDecode
 0001:00035412       DbiTimeEncode
 0001:00035400       DbiTimeStampDecode
 0001:00035406       DbiTimeStampEncode
 0001:00034A7C       DbiTranslateField
 0001:00034A82       DbiTranslateRecordStructure
 0001:00035532       DbiTruncateBlob
 0001:00034F32       DbiUndeleteRecord
 0001:0003563A       DbiUnlinkDetail
 0001:000353B2       DbiUseIdleTime
 0001:00034A6A       DbiValidateProp
 0001:00035454       DbiVerifyField
 0001:00035652       DbiWriteBlock
 0001:0001FFF4       DeallocateHWnd
 0002:00000004       DebugHook
 0002:0000249B       DecimalSeparator
 0001:00006150       DecodeDate
 0001:00005FDC       DecodeTime
 0001:00021900       Default
 0001:00024550       Default
 0002:000013AC       DefaultBlank
 0002:00000544       DefBrushData
 0002:000004F8       DefFontData
 0001:00004430       DefFrameProc
 0001:00004438       DefMDIChildProc
 0002:00000524       DefPenData
 0001:00004440       DefWindowProc
 0001:00004010       DeleteCriticalSection
 0001:00004208       DeleteDC
 0001:00004210       DeleteEnhMetaFile
 0001:00004448       DeleteMenu
 0001:00004218       DeleteObject
 0001:00063DD0       DeletePrompt
 0001:0006950C       DeleteRegKey
 0001:0001D374       DeselectBitmap
 0001:00004450       DestroyCursor
 0001:00004458       DestroyIcon
 0001:00053724       DestroyLocals
 0001:00004460       DestroyMenu
 0001:00004468       DestroyWindow
 0001:0002F888       Dialogs
 0001:0001BC6C       DIBFromBit
 0001:0001F974       DisableTaskWindows
 0001:00004470       DispatchMessage
 0001:00069644       DispInvoke
 0001:000698F8       DispInvokeError
 0001:00044B84       DisposeMem
 0001:000449F4       DLLDetachCallBack
 0001:00014958       DoAlign
 0001:0005BA24       DoCalc
 0001:0005BE90       DoChange
 0001:00010BE4       DoClick
 0001:0005ADA0       DoColWidths
 0001:000157AC       DoControlMsg
 0001:0001F924       DoDisableWindow
 0001:000128E8       DoDragOver
 0001:0001FA60       DoFindWindow
 0001:0001F8F8       DoneApplication
 0001:00018910       DoneControls
 0001:0001FE14       DoneCtl3D
 0001:000147C4       DoPosition
 0001:0002DC7C       DoRect
 0001:0005ADE4       DoRowHeights
 0001:00063A68       DoSelection
 0001:0005A8D4       DoSizeAdjust
 0001:0005D21C       DoUpdate
 0001:00013F74       DoWrite
 0001:0000A598       DoWrite
 0001:0004DD74       DoWrite
 0001:0001BF28       DoWrite
 0001:0001C5FC       DoWrite
 0001:0000EDCC       DoWriteLeft
 0001:0000EE04       DoWriteTop
 0002:000025F4       DragActive
 0002:000025DC       DragCapture
 0002:000025C8       DragControl
 0001:00012B98       DragDone
 0001:000128C4       DragFindTarget
 0001:00012898       DragFindWindow
 0002:000025D0       DragFreeObject
 0002:000025D8       DragHandle
 0002:000025F8       DragImageList
 0001:00012A80       DragInit
 0001:00012B0C       DragInitControl
 0001:0001282C       DragMessage
 0002:000025CC       DragObject
 0002:000025E8       DragPos
 0002:000025F0       DragSaveCursor
 0002:000025E0       DragStartPos
 0002:000025D4       DragTarget
 0001:0001291C       DragTo
 0001:0002458C       DrawAppIcon
 0001:0005B164       DrawAxisLines
 0002:000026D4       DrawBitmap
 0001:0005163C       DrawButtonFace
 0001:0005B384       DrawCells
 0001:00004478       DrawEdge
 0001:00004480       DrawFocusRect
 0001:00004488       DrawFrameControl
 0001:00004490       DrawIcon
 0002:00000390       DrawingStyles
 0001:0005B2F4       DrawLines
 0001:00004498       DrawMenuBar
 0001:000044A0       DrawText
 0001:0001ADF8       DupBits
 0001:00045018       EDBEngineError.Create
 0001:0004526C       EDBEngineError.Destroy
 0002:00000728       Empty
 0001:000044A8       EmptyClipboard
 0001:000044B0       EnableMenuItem
 0002:00000280       Enables
 0001:0001FA28       EnableTaskWindows
 0001:000044B8       EnableWindow
 0001:000098E4       EndGlobalLoading
 0001:000044C0       EndPaint
 0001:00004018       EnterCriticalSection
 0001:000044C8       EnumClipboardFormats
 0001:00004220       EnumFonts
 0001:00023AC4       EnumFontsProc
 0001:000044D0       EnumThreadWindows
 0001:0000BF1C       EnumValue
 0001:000044D8       EnumWindows
 0001:00007774       EOutOfMemory.Destroy
 0001:00007780       EOutOfMemory.FreeInstance
 0001:000044E0       EqualRect
 0001:0004DA00       Error
 0001:0000F910       Error
 0001:0000BA48       Error
 0002:0000202C       ErrorAddr
 0002:00002004       ErrorProc
 0002:0000155C       Events
 0001:0000746C       ExceptAddr
 0002:00002008       ExceptClsProc
 0001:00007644       Exception.Create
 0001:00007678       Exception.CreateRes
 0001:000076E8       Exception.CreateResFmt
 0002:00002010       ExceptionClass
 0001:0000744C       ExceptObject
 0002:0000200C       ExceptObjProc
 0002:00002000       ExceptProc
 0001:00004228       ExcludeClipRect
 0002:00002024       ExitCode
 0002:00002028       ExitProc
 0001:00004230       ExtCreatePen
 0002:000007A0       ExtendSelects
 0001:00044CC0       ExtractFieldName
 0001:000055D8       ExtractFileExt
 0001:000055A0       ExtractFileName
 0001:00004238       ExtTextOut
 0001:00004020       FatalAppExitA
 0002:0000267C       FClipboard
 0002:000013B8       FConst10
 0002:00002688       FCSect
 0002:00001488       FieldClasses
 0001:000642B8       FieldIsMapped
 0001:00005500       FileClose
 0001:00005478       FileCreate
 0002:000005C8       FileFormatList
 0002:00002037       FileMode
 0001:00005438       FileOpen
 0001:0000549C       FileRead
 0002:00000224       FilerSignature
 0001:000054F4       FileSeek
 0001:000054C8       FileWrite
 0001:0005B130       FillDWord
 0001:000044E8       FillRect
 0001:0002F870       finalization
 0001:0000F32C       finalization
 0001:0000F1BC       finalization
 0001:0004F2C8       finalization
 0001:00069F88       finalization
 0001:00037664       finalization
 0001:00053740       finalization
 0001:00010AB0       Find
 0001:0000DA2C       FindAncestor
 0001:00009590       FindClass
 0001:00004028       FindClose
 0001:00069580       FindCmdLineSwitch
 0001:0001234C       FindControl
 0001:00012D50       FindDragTarget
 0001:0000C574       FindExistingComponent
 0001:000095B0       FindFieldClass
 0001:00004030       FindFirstFileA
 0001:0001FB70       FindGlobalComponent
 0002:0000255C       FindGlobalComponent
 0002:0000265C       FindMsg
 0001:00004038       FindResource
 0001:0001FAC4       FindTopMostWindow
 0001:0000D0A8       FindUniqueName
 0001:00012D1C       FindVCLWindow
 0002:000002D0       Flags
 0001:00008012       FloatToDecimal
 0001:00005CD0       FloatToStr
 0001:00005D30       FloatToStrF
 0001:00007A76       FloatToText
 0001:00007D3F       FloatToTextFmt
 0001:000053DC       FmtLoadStr
 0001:00005C6C       FmtStr
 0002:0000060C       FocusCount
 0002:00000608       FocusMessages
 0002:00002614       FontManager
 0001:0001FB44       ForegroundTask
 0002:00002720       Form1
 0001:00005C58       Format
 0001:0000591C       FormatBuf
 0001:00005DF8       FormatCurr
 0001:00005DA0       FormatFloat
 0001:00038120       FormatMaskText
 0001:00004040       FormatMessage
 0001:000258BC       Forms
 0001:0005A064       ForwardMovement
 0001:00003C38       FPower10
 0002:0000256C       FPrinter
 0001:0002DD40       Frame3D
 0001:000044F0       FrameRect
 0001:00012E0C       FreeDeviceContext
 0001:00012E20       FreeDeviceContexts
 0001:0000F188       FreeIntConstList
 0001:00004048       FreeLibrary
 0001:0001D354       FreeMemoryContexts
 0001:0001FF2C       FreeObjectInstance
 0001:00004060       FreeResource
 0001:00044994       FreeTimer
 0001:000044F8       GetActiveWindow
 0001:00023FC4       GetAnimation
 0001:0002F0DC       GetAveCharSize
 0001:000518AC       GetBitBtnGlyph
 0001:00004240       GetBitmapBits
 0001:00004500       GetCapture
 0001:000125F0       GetCaptureControl
 0001:00009530       GetClass
 0001:00004508       GetClassInfo
 0001:00004510       GetClientRect
 0001:00004518       GetClipboardData
 0001:00004248       GetClipBox
 0001:000176F8       GetColor
 0001:0000E5A0       GetComponentValue
 0001:00004068       GetCurrentDirectoryA
 0001:00004250       GetCurrentPositionEx
 0001:00004070       GetCurrentProcess
 0001:00004078       GetCurrentProcessId
 0001:00004080       GetCurrentThreadId
 0001:00004520       GetCursor
 0001:00004528       GetCursorPos
 0001:00004530       GetDC
 0001:00004538       GetDCEx
 0001:00004540       GetDesktopWindow
 0001:00004260       GetDeviceCaps
 0001:00004258       GetDIBits
 0001:0001AF34       GetDInColors
 0001:00004548       GetDoubleClickTime
 0001:00004268       GetEnhMetaFileBits
 0001:00004270       GetEnhMetaFileHeader
 0001:00004278       GetEnhMetaFilePaletteEntries
 0001:00008350       GetEnumName
 0001:0000838C       GetEnumValue
 0001:000094B4       GetFieldClassTable
 0001:00008734       GetFloatProp
 0001:00004550       GetFocus
 0001:00004558       GetForegroundWindow
 0001:00007164       GetFormatSettings
 0001:00019668       GetHashCode
 0001:00023E34       GetHint
 0001:00023E64       GetHintControl
 0001:00004560       GetIconInfo
 0001:00069A6C       GetIDsOfNames
 0001:00044E64       GetIntProp
 0001:00004578       GetKeyboardState
 0001:00004568       GetKeyNameText
 0001:00004570       GetKeyState
 0001:00004580       GetLastActivePopup
 0001:00004088       GetLastError
 0001:00006FF8       GetLocaleChar
 0001:00004098       GetLocaleInfo
 0001:00006FAC       GetLocaleStr
 0001:00004090       GetLocalTime
 0001:000125AC       GetLongHint
 0001:00008634       GetLongStrProp
 0001:0003C2C4       GetMappingNames
 0001:00004588       GetMenu
 0001:00023140       GetMenuHelpContext
 0001:00004590       GetMenuItemCount
 0001:00004598       GetMenuState
 0001:000045A0       GetMenuString
 0001:000045A8       GetMessageTime
 0001:0000882C       GetMethodProp
 0001:000040A0       GetModuleFileName
 0001:000040A8       GetModuleHandleA
 0001:00004280       GetNearestColor
 0001:00004288       GetObject
 0001:000084C0       GetOrdProp
 0001:00004290       GetPaletteEntries
 0001:000045B0       GetParent
 0001:00020144       GetParentForm
 0001:00004298       GetPixel
 0001:000040B0       GetProcAddress
 0001:000045B8       GetProp
 0001:000083D4       GetPropInfo
 0001:00008440       GetPropInfos
 0001:000176D8       GetRGBColor
 0001:000045C0       GetScrollInfo
 0001:000045C8       GetScrollPos
 0001:000045D0       GetScrollRange
 0001:00069524       GetServerKey
 0001:00012568       GetShortHint
 0001:0000858C       GetShortStrProp
 0001:0000F9DC       GetSpecialName
 0001:0003D258       GetStandardLanguageDriver
 0001:000042A0       GetStockObject
 0001:000086B4       GetStrProp
 0001:000045D8       GetSubMenu
 0001:000045E0       GetSysColor
 0001:000040B8       GetSystemDefaultLCID
 0001:000045E8       GetSystemMenu
 0001:000045F0       GetSystemMetrics
 0001:000042A8       GetSystemPaletteEntries
 0001:000042B0       GetTextExtentPoint
 0001:000042B8       GetTextMetrics
 0001:000040C0       GetTickCount
 0001:000243E8       GetTopMostWindows
 0001:00008344       GetTypeData
 0001:000040C8       GetVersion
 0001:000040D0       GetVersionEx
 0001:000045F8       GetWindow
 0001:00004600       GetWindowLong
 0001:000042C8       GetWindowOrgEx
 0001:00004608       GetWindowPlacement
 0001:00004610       GetWindowRect
 0001:00004618       GetWindowRgn
 0001:00004620       GetWindowText
 0001:00004628       GetWindowThreadProcessId
 0001:000042C0       GetWinMetaFileBits
 0001:000040D8       GlobalAddAtom
 0001:000040E0       GlobalAlloc
 0001:000048D8       GlobalAllocPtr
 0001:000040E8       GlobalDeleteAtom
 0002:00002568       GlobalFixupList
 0001:0000BD38       GlobalFixupReferences
 0001:000040F0       GlobalFree
 0001:00004904       GlobalFreePtr
 0001:00004100       GlobalHandle
 0002:00002564       GlobalLists
 0002:00002560       GlobalLoaded
 0001:000040F8       GlobalLock
 0001:00004108       GlobalReAlloc
 0001:000048E8       GlobalReAllocPtr
 0001:00004110       GlobalUnlock
 0002:000015E0       GlyphCache
 0001:0005FD00       GridError
 0001:00059A88       GridRect
 0002:00001648       GUID_NULL
 0001:0000CA40       HandleException
 0001:00029118       HasPopup
 0002:00000000       HeapAllocFlags
 0002:00002658       HelpMsg
 0001:000048CC       HiByte
 0001:00004630       HideCaret
 0002:00000718       HideSelections
 0002:00002014       HInstance
 0001:00023EEC       HintGetMsgHook
 0002:00002650       HintHook
 0001:00023E9C       HintMouseThread
 0002:00002654       HintThread
 0001:00023E80       HintTimerProc
 0002:00000604       HintWindowClass
 0001:00023F30       HookHintHooks
 0002:0000029C       IBreaks
 0002:000002A8       IChecks
 0002:000005A0       IconFormat
 0002:000007E0       IconIDs
 0002:000002B0       IDefaults
 0001:00019BFC       IdentToColor
 0001:00012530       IdentToCursor
 0002:000002B8       IEnables
 0001:0000F280       ImageList_Add
 0001:0000F2A0       ImageList_AddIcon
 0001:0000F2BC       ImageList_AddMasked
 0001:0000F2D4       ImageList_BeginDrag
 0001:0000F268       ImageList_Create
 0001:0000F270       ImageList_Destroy
 0001:0000F2E4       ImageList_DragEnter
 0001:0000F2EC       ImageList_DragLeave
 0001:0000F2F4       ImageList_DragMove
 0001:0000F304       ImageList_DragShowNolock
 0001:0000F2AC       ImageList_Draw
 0001:0000F2C4       ImageList_DrawEx
 0001:0000F2DC       ImageList_EndDrag
 0001:0000F298       ImageList_GetBkColor
 0001:0000F30C       ImageList_GetDragImage
 0001:0000F314       ImageList_GetIconSize
 0001:0000F278       ImageList_GetImageCount
 0001:0000F324       ImageList_GetImageInfo
 0001:0000F2CC       ImageList_Remove
 0001:0000F2B4       ImageList_Replace
 0001:0000F288       ImageList_ReplaceIcon
 0001:0000F290       ImageList_SetBkColor
 0001:0000F2FC       ImageList_SetDragCursorImage
 0001:0000F31C       ImageList_SetIconSize
 0002:000003A0       Images
 0001:00059A7C       IMax
 0001:00059B28       Includes
 0001:0000F928       IndexError
 0001:00004638       InflateRect
 0002:00001294       INFO_IDAPI32
 0001:00069E34       InitAutomation
 0001:0000F260       InitCommonControls
 0001:00009914       InitComponent
 0001:00018940       InitControls
 0001:0001FBE8       InitCtl3D
 0001:0002F7D4       InitGlobals
 0001:0001E8F4       InitGraphics
 0001:00069FDC       Initialize
 0001:0001BAAC       InitializeBitmapInfoHeader
 0001:00004118       InitializeCriticalSection
 0001:000099AC       InitInheritedComponent
 0002:00002020       InitProc
 0001:00012294       InitWndProc
 0002:0000203C       Input
 0001:0001475C       InsertBefore
 0001:00004640       InsertMenu
 0001:00004648       InsertMenuItem
 0002:00002648       InstBlockList
 0002:0000264C       InstFreeList
 0002:00000230       IntConstList
 0002:000007A8       IntegralHeights
 0001:00004058       InterlockedDecrement
 0001:00004050       InterlockedIncrement
 0001:0001BBAC       InternalGetDIB
 0001:0001BB60       InternalGetDIBSizes
 0001:0000980C       InternalReadComponentRes
 0001:000042D0       IntersectClipRect
 0001:00004650       IntersectRect
 0001:00005320       IntToStr
 0001:00004658       InvalidateRect
 0001:0001ADBC       InvalidBitmap
 0001:0001ADA4       InvalidGraphic
 0001:0001ADC8       InvalidIcon
 0001:0001ADD4       InvalidMetafile
 0001:00059A64       InvalidOp
 0001:0001AD8C       InvalidOperation
 0002:000002C0       IRadios
 0001:000200A4       IsAccel
 0001:00004660       IsCharAlpha
 0001:00004668       IsCharAlphaNumeric
 0001:00004670       IsChild
 0002:00002035       IsConsole
 0001:0000E418       IsDefault
 0001:0000E510       IsDefault
 0001:0000E24C       IsDefaultValue
 0001:0000E374       IsDefaultValue
 0001:0000E800       IsDefaultValue
 0001:00012874       IsDelphiHandle
 0001:00004678       IsDialogMessage
 0001:00044D0C       IsDirectory
 0002:000002C8       ISeparators
 0001:00004680       IsIconic
 0002:00002034       IsLibrary
 0001:0003FF44       IsLiteral
 0001:00037D9C       IsLiteralChar
 0002:00002036       IsMultiThread
 0001:00004688       IsRectEmpty
 0001:00008490       IsStoredProp
 0001:000052BC       IsValidIdent
 0001:00004690       IsWindow
 0001:00004698       IsWindowEnabled
 0001:000046A0       IsWindowVisible
 0001:000046A8       IsZoomed
 0001:0000FDE4       Iterate
 0001:0000FE44       IterateMenus
 0001:00020068       KeyDataToShiftState
 0001:00020014       KeysToShiftState
 0001:000046B0       KillTimer
 0001:00004120       LeaveCriticalSection
 0001:0005A0F0       LeftSide
 0001:0005C3DC       LinePos
 0001:000042D8       LineTo
 0001:00012D94       ListAdd
 0001:00009BA0       ListError
 0001:00009BB8       ListIndexError
 0001:00012DBC       ListRemove
 0001:000046B8       LoadBitmap
 0001:000046C0       LoadCursor
 0001:000046C8       LoadIcon
 0001:00004130       LoadLibrary
 0001:00004128       LoadLibraryA
 0001:00004138       LoadResource
 0001:00046C80       LoadSMClient
 0001:000053A4       LoadStr
 0001:000046D0       LoadString
 0001:0000F978       LoadStrings
 0001:00004140       LockResource
 0001:0003701C       LoginDialogEx
 0002:000024A4       LongDateFormat
 0002:00002538       LongDayNames
 0002:000024EC       LongMonthNames
 0001:00059EC0       LongMulDiv
 0002:000024B8       LongTimeFormat
 0001:000050C8       LowerCase
 0002:00002558       MainThreadID
 0001:000048C0       MakeLong
 0001:0001FE94       MakeObjectInstance
 0001:00004148       MapViewOfFile
 0001:000046D8       MapVirtualKey
 0001:000046E0       MapWindowPoints
 0002:00000388       Mask
 0001:00037A04       MaskDoFormatText
 0002:000013B0       MaskFieldSeparator
 0001:0003785C       MaskGetCharType
 0001:0003796C       MaskGetCurrentDirectives
 0001:00037C9C       MaskGetMaskBlank
 0001:00037C1C       MaskGetMaskSave
 0001:000379E8       MaskIntlLiteralToChar
 0002:000013B4       MaskNoSave
 0001:00037D08       MaskOffsetToOffset
 0001:000627E8       Max
 0001:0001F8EC       Max
 0001:0002F0D4       Max
 0001:0005C70C       Max
 0002:00000254       MenuKeyCapIDs
 0002:00002570       MenuKeyCaps
 0001:00011288       Menus
 0001:00044D54       MergeStrings
 0001:000046E8       MessageBeep
 0001:000046F0       MessageBox
 0001:0002F700       MessageDlg
 0001:0002F720       MessageDlgPos
 0002:000005D8       MetafileClipFormat
 0002:0000058C       MetaFileFormat
 0001:0005C6E4       Min
 0001:00009ED0       Min
 0002:0000082C       ModalResults
 0001:00059D84       ModifyExtents
 0001:0005C8B4       ModifyPixelScrollBar
 0001:00022C50       ModifySystemMenu
 0002:00000554       MonoBmp
 0001:00067B30       MouseDragToGrid
 0001:000017A4       Move
 0001:00059E34       MoveExtent
 0001:000042E0       MoveToEx
 0001:00012DDC       MoveWindowOrg
 0001:00005F38       MSecsToTimeStamp
 0001:00004150       MulDiv
 0002:000007B0       MultiColumns
 0002:00000798       MultiSelects
 0001:0003FF1C       NameDelimiter
 0002:00001448       Names
 0002:000013E0       Names
 0001:00044C2C       NativeToAnsi
 0001:00044C90       NativeToAnsiBuf
 0001:00047CC4       NeedsDBAlias
 0002:00002499       NegCurrFormat
 0002:000015EC       NewState
 0002:000025C0       NewStyleControls
 0001:00063C00       NextRow
 0002:00000234       NilMethod
 0001:000147BC       NonNeg
 0001:000098B8       NotifyGlobalLoading
 0002:000023F0       Null
 0002:00000720       OEMConverts
 0001:000046F8       OemToAnsi
 0001:00004700       OemToChar
 0001:00004708       OemToCharBuff
 0001:00004710       OffsetRect
 0001:00037D40       OffsetToMaskOffset
 0001:00069F98       OleAuto
 0001:000694A4       OleCheck
 0001:0006A0AC       OleCtnrs
 0001:00069410       OleError
 0001:00069378       OleInitialize
 0001:00002BE8       OleStrToStrVar
 0001:00069380       OleUninitialize
 0001:00004718       OpenClipboard
 0001:00004158       OpenFileMapping
 0002:000013D0       OpenModes
 0002:00001518       Operators
 0001:00034FBC       OsLdAnsiCharToOem
 0001:00034FD4       OsLdAnsiToOem
 0001:00034B54       OsLdBuildCharSetXform
 0001:00034F98       OsLdCharToLower
 0001:00034F9E       OsLdCharToUpper
 0001:00035034       OsLdExit
 0001:00034FE0       OsLdGetCodePage
 0001:0003503A       OsLdGetDefaultObj
 0001:00034F92       OsLdGetDescName
 0001:00034CA4       OsLdGetDriverId
 0001:00034FDA       OsLdGetFName
 0001:00034FE6       OsLdGetSortsig
 0001:00034FEC       OsLdGetSymbName
 0001:00035040       OsLdInit
 0001:00034FAA       OsLdIsAlpha
 0001:00034FC8       OsLdIsAnsiCharInOemCp
 0001:00034FA4       OsLdIsDigit
 0001:00034FC2       OsLdIsOemCharInAnsiCp
 0001:00034C9E       OsLdLoadByDriverId
 0001:00035028       OsLdLoadByFName
 0001:0003502E       OsLdLoadBySortSig
 0001:00035022       OsLdLoadBySymbName
 0001:00034FB6       OsLdOemCharToAnsi
 0001:00034FCE       OsLdOemToAnsi
 0001:00034F8C       OsLdSearchInit
 0001:00034F86       OsLdSearchNext
 0001:00035016       OsLdStrCmp
 0001:00035004       OsLdStrCmpi
 0001:0003501C       OsLdStrnCmp
 0001:00034FFE       OsLdStrnCmpi
 0001:0003500A       OsLdStrnToLower
 0001:00034FF2       OsLdStrnToUpper
 0001:00035010       OsLdStrToLower
 0001:00034FF8       OsLdStrToUpper
 0001:00034FB0       OsLdUnloadObj
 0001:0001ADE0       OutOfResources
 0002:00002208       Output
 0001:00037F54       PadInputLiterals
 0001:00037DC4       PadSubField
 0001:0005C788       PageDown
 0001:0005C728       PageUp
 0001:0002C990       PaintListBox
 0001:00019820       PaletteChanged
 0001:0001B2BC       PaletteFromPM1DIB
 0001:0001AF54       PaletteFromW3DIB
 0001:00001850       ParamCount
 0001:000018B4       ParamStr
 0001:0005A01C       ParentEvent
 0001:00036C3C       PasswordDialog
 0002:000006FC       Passwords
 0001:000042E8       PatBlt
 0002:000015E4       Pattern
 0001:00004720       PeekMessage
 0002:00002618       PenManager
 0002:00000558       PenModes
 0002:00000534       PenStyles
 0002:000026E4       PixPerInch
 0001:000042F0       PlayEnhMetaFile
 0001:00009464       Point
 0001:00059AF0       PointInGridRect
 0001:0000492C       PointToSmallPoint
 0001:00004300       Polyline
 0001:000042F8       PolyPolyline
 0002:000025BC       PopupList
 0001:00004728       PostMessage
 0001:00004730       PostQuitMessage
 0002:000013C0       Power10
 0001:0000F338       Printers
 0001:00063C94       PriorRow
 0001:00020244       ProcessHorz
 0001:0002028C       ProcessVert
 0001:0000BF10       PropertyNotFound
 0001:0000CB2C       PropPathError
 0001:0000BF04       PropValueError
 0001:00004738       PtInRect
 0001:00059B0C       PtInRect
 0001:0005FCE8       RaiseGridError
 0002:00002030       RandSeed
 0001:0001B58C       ReadDIB
 0001:0000BEEC       ReadError
 0001:00004160       ReadFile
 0001:0001B7D8       ReadIcon
 0001:00064FBC       ReadOnlyField
 0002:00000704       ReadOnlys
 0001:0001B388       ReadPM1DIB
 0001:0001B0B8       ReadWin3DIB
 0001:00004308       RealizePalette
 0001:0004C6DC       ReAllocBuffers
 0001:0000C424       Recover
 0001:0000947C       Rect
 0001:00004318       Rectangle
 0001:00004310       RectVisible
 0001:00003FC0       RegCloseKey
 0001:00003FC8       RegDeleteKey
 0001:00004740       RegisterClass
 0001:00009678       RegisterClass
 0001:00009740       RegisterClasses
 0001:00004748       RegisterClipboardFormat
 0002:0000156C       Registered
 0001:000097E0       RegisterIntegerConsts
 0001:00004750       RegisterWindowMessage
 0001:00003FD0       RegOpenKeyExA
 0001:00003FD8       RegQueryValueExA
 0001:00003FE0       RegSetValue
 0001:000627CC       ReleaseBitmap
 0001:00004758       ReleaseCapture
 0001:00004760       ReleaseDC
 0001:00004168       ReleaseMutex
 0001:0000BE8C       RemoveFixupReferences
 0001:00004768       RemoveMenu
 0001:00004770       RemoveProp
 0001:0004546C       ResetDBSessionRefs
 0001:0005DF64       ResizeLine
 0001:00004320       RestoreDC
 0001:0005D6A8       Restrict
 0002:000014FC       ReverseOperator
 0001:0005A0B4       RightSide
 0001:00004328       SaveDC
 0002:000026E0       SaveInitProc
 0002:00002628       Screen
 0002:00002600       ScreenLogPixels
 0001:00004778       ScreenToClient
 0002:00000738       ScrollBar
 0001:0005D23C       ScrollBarVisible
 0001:00020364       ScrollBarVisible
 0001:00004780       ScrollWindow
 0001:00004788       ScrollWindowEx
 0001:00004170       SearchPathA
 0002:00001638       SearchTickCount
 0001:0005A090       Selection
 0001:00004330       SelectObject
 0001:00004338       SelectPalette
 0001:00012368       SendAppMessage
 0001:0001FB00       SendFocusMessage
 0001:00004790       SendMessage
 0001:00059FE8       SendToParent
 0002:00000294       Separators
 0002:00002680       Session
 0002:00002684       Sessions
 0001:00004798       SetActiveWindow
 0001:00023FF4       SetAnimation
 0001:0005D324       SetAxisRange
 0001:00004340       SetBkColor
 0001:00004348       SetBkMode
 0001:000047A0       SetCapture
 0001:00012618       SetCaptureControl
 0001:000047A8       SetClipboardData
 0001:0000C4FC       SetCompName
 0001:000047B0       SetCursor
 0001:00004350       SetEnhMetaFileBits
 0001:00004178       SetErrorMode
 0001:00004180       SetFilePointer
 0001:00008794       SetFloatProp
 0001:000047B8       SetFocus
 0001:000047C0       SetForegroundWindow
 0001:0005D3A0       SetHorzRange
 0001:0000CD18       SetIntIdent
 0001:000047C8       SetKeyboardState
 0001:00008674       SetLongStrProp
 0001:000047D0       SetMenu
 0001:0000886C       SetMethodProp
 0001:0000CD80       SetObjectIdent
 0001:00008530       SetOrdProp
 0001:000047D8       SetParent
 0001:00004358       SetPixel
 0001:000047E0       SetProp
 0001:000047E8       SetRect
 0001:00004360       SetROP2
 0001:0005D084       SetScroll
 0001:000047F0       SetScrollInfo
 0001:000047F8       SetScrollPos
 0001:00004800       SetScrollRange
 0001:000085D0       SetShortStrProp
 0001:00004368       SetStretchBltMode
 0001:000086EC       SetStrProp
 0001:00004370       SetTextColor
 0001:00004808       SetTimer
 0001:0005D434       SetVertRange
 0001:00004378       SetViewportOrgEx
 0001:00004810       SetWindowLong
 0001:00004388       SetWindowOrgEx
 0001:00004818       SetWindowPlacement
 0001:00004820       SetWindowPos
 0001:00004838       SetWindowRgn
 0001:00004830       SetWindowsHookEx
 0001:00004828       SetWindowText
 0001:00004380       SetWinMetaFileBits
 0002:000013D8       ShareModes
 0001:0000FA44       ShortCutToText
 0002:000024A0       ShortDateFormat
 0002:0000251C       ShortDayNames
 0002:000024BC       ShortMonthNames
 0002:000024B4       ShortTimeFormat
 0002:00000668       ShowCommands
 0002:0000065C       ShowCommands
 0002:00000650       ShowCommands
 0001:00004840       ShowCursor
 0001:00007498       ShowException
 0002:00000380       ShowFlags
 0001:0002F7B0       ShowMessage
 0001:0002F7BC       ShowMessagePos
 0001:00004848       ShowOwnedPopups
 0001:00004850       ShowWindow
 0001:00024018       ShowWinNoAnimate
 0001:00004188       SizeofResource
 0001:0000D590       SkipBinary
 0001:0000D53C       SkipBytes
 0001:0000D514       SkipList
 0001:0000946C       SmallPoint
 0001:00004918       SmallPointToPoint
 0002:00000790       Sorteds
 0002:00000764       Sorts
 0001:0005B13C       StackAlloc
 0001:0005B14C       StackFree
 0001:0006BDF8       Staj
 0002:00001484       StartFlags
 0002:0000147C       StartTime
 0001:0001FE6C       StdWndProc
 0002:00002608       StockBrush
 0002:0000260C       StockFont
 0002:00002610       StockIcon
 0002:00002604       StockPen
 0001:0000585C       StrAlloc
 0001:00005870       StrBufSize
 0001:00005758       StrComp
 0001:00005690       StrCopy
 0001:000058A8       StrDispose
 0001:0001BFEC       StreamsEqual
 0001:00009A24       StreamsEqual
 0001:000056B8       StrECopy
 0001:00005640       StrEnd
 0001:00004390       StretchBlt
 0001:00004398       StretchDIBits
 0001:00005C24       StrFmt
 0001:0000577C       StrIComp
 0001:00069368       StringFromCLSID
 0001:00002C04       StringToOleStr
 0001:0003FF60       StripChar
 0001:0003FFBC       StripLiterals
 0001:000056E4       StrLCopy
 0001:00005628       StrLen
 0001:000057BC       StrLIComp
 0001:00005654       StrMove
 0001:0000587C       StrNew
 0001:00005848       StrPas
 0001:00005718       StrPCopy
 0001:00005738       StrPLCopy
 0001:00005824       StrRScan
 0001:00005804       StrScan
 0001:00005E8C       StrToCurr
 0001:00006E24       StrToDate
 0001:00006EC4       StrToDateTime
 0001:00005E50       StrToFloat
 0001:00005350       StrToInt
 0001:0000538C       StrToIntDef
 0001:00044BB0       StrToOem
 0001:00006E74       StrToTime
 0002:00000784       Styles
 0001:0001FE38       Subclass3DWnd
 0002:0000141C       SubTypeMap
 0001:00006F60       SysErrorMessage
 0001:00001238       SysFreeMem
 0001:00069388       SysFreeString
 0001:000010B0       SysGetMem
 0001:000015AC       SysReallocMem
 0001:00003F0C       System
 0001:00004858       SystemParametersInfo
 0001:00008300       SysUtils
 0001:00063CEC       Tab
 0001:0004F50C       TabControlError
 0002:000007B8       TabStops
 0001:0002565C       TApplication.ActivateHint
 0001:00024C0C       TApplication.BringToFront
 0001:00025634       TApplication.CancelHint
 0001:00024534       TApplication.CheckIniChange
 0001:00024378       TApplication.ControlDestroyed
 0001:00024058       TApplication.Create
 0001:00024F34       TApplication.CreateForm
 0001:00024240       TApplication.CreateHandle
 0001:000241BC       TApplication.Destroy
 0001:00024B44       TApplication.GetIconHandle
 0001:00024C48       TApplication.GetTitle
 0001:0002503C       TApplication.HandleException
 0001:00024E48       TApplication.HandleMessage
 0001:00025274       TApplication.HelpCommand
 0001:00025268       TApplication.HelpContext
 0001:000255F8       TApplication.HideHint
 0001:00025508       TApplication.HintMouseMessage
 0001:000255C4       TApplication.HintTimerExpired
 0001:00024E60       TApplication.HookMainWindow
 0001:00025420       TApplication.IconChanged
 0001:000252BC       TApplication.Idle
 0001:000251CC       TApplication.InvokeHelp
 0001:00024C90       TApplication.IsDlgMsg
 0001:00024D68       TApplication.IsHintMsg
 0001:00024D04       TApplication.IsKeyMsg
 0001:00024CB4       TApplication.IsMDIMsg
 0001:000250C8       TApplication.MessageBox
 0001:00024B60       TApplication.Minimize
 0001:00024450       TApplication.NormalizeTopMosts
 0001:000253E4       TApplication.NotifyForms
 0001:00024D98       TApplication.ProcessMessage
 0001:00024BA8       TApplication.Restore
 0001:000244E0       TApplication.RestoreTopMosts
 0001:00024FC4       TApplication.Run
 0001:00025470       TApplication.SetHint
 0001:0002527C       TApplication.SetShowHint
 0001:0002513C       TApplication.ShowException
 0001:000254A8       TApplication.StartHintTimer
 0001:000254EC       TApplication.StopHintTimer
 0001:00025034       TApplication.Terminate
 0001:00024EB8       TApplication.UnhookMainWindow
 0001:000245D8       TApplication.WndProc
 0002:00000610       TaskActiveWindow
 0002:00000618       TaskFirstTopMost
 0002:00000614       TaskFirstWindow
 0002:0000061C       TaskWindowList
 0001:00041238       TAutoIncField.Create
 0001:00069E50       TAutomation.Create
 0001:00069F18       TAutomation.Destroy
 0001:00069F44       TAutomation.Initialize
 0001:00069F68       TAutomation.UpdateRegistry
 0001:0003C298       TBatchMove.ConvertName
 0001:0003C224       TBatchMove.Create
 0001:0003C270       TBatchMove.Destroy
 0001:0003C380       TBatchMove.Execute
 0001:0003C774       TBatchMove.Notification
 0001:0003C7AC       TBatchMove.SetMappings
 0001:0003C7B8       TBatchMove.SetSource
 0001:000416FC       TBCDField.Create
 0001:00041740       TBCDField.GetAsCurrency
 0001:00041764       TBCDField.GetAsFloat
 0001:00041790       TBCDField.GetAsInteger
 0001:000417B8       TBCDField.GetAsString
 0001:000417EC       TBCDField.GetAsVariant
 0001:00041820       TBCDField.GetText
 0001:00041944       TBCDField.GetValue
 0001:000419CC       TBCDField.IsValidChar
 0001:00041A24       TBCDField.SetAsCurrency
 0001:00041AD0       TBCDField.SetAsFloat
 0001:00041AF0       TBCDField.SetAsInteger
 0001:00041B10       TBCDField.SetAsString
 0001:00041BB0       TBCDField.SetCurrency
 0001:00041BC8       TBCDField.SetMaxValue
 0001:00041BE8       TBCDField.SetMinValue
 0001:00041C08       TBCDField.SetVarValue
 0001:00041C28       TBCDField.UpdateCheckRange
 0001:00044A14       TBDECallback.Create
 0001:00044AAC       TBDECallback.Destroy
 0001:00044B54       TBDECallback.Invoke
 0001:0002E070       TBevel.Create
 0001:0002E230       TBevel.Paint
 0001:0002E0EC       TBevel.SetShape
 0001:0002E0D8       TBevel.SetStyle
 0001:00042354       TBinaryField.Create
 0001:00042384       TBinaryField.GetAsVariant
 0001:000423F4       TBinaryField.SetVarValue
 0001:00053114       TBitBtn.Click
 0001:00053410       TBitBtn.CMEnabledChanged
 0001:000533FC       TBitBtn.CMFontChanged
 0001:0005318C       TBitBtn.CNDrawItem
 0001:0005317C       TBitBtn.CNMeasureItem
 0001:00053004       TBitBtn.Create
 0001:000530C8       TBitBtn.CreateHandle
 0001:000530F0       TBitBtn.CreateParams
 0001:00053090       TBitBtn.Destroy
 0001:00053198       TBitBtn.DrawItem
 0001:0005346C       TBitBtn.GetGlyph
 0001:0005363C       TBitBtn.GetKind
 0001:000536BC       TBitBtn.GetNumGlyphs
 0001:00053438       TBitBtn.GetPalette
 0001:00053478       TBitBtn.GlyphChanged
 0001:00053480       TBitBtn.IsCustom
 0001:000535BC       TBitBtn.IsCustomCaption
 0001:00053100       TBitBtn.SetButtonStyle
 0001:0005344C       TBitBtn.SetGlyph
 0001:000534A8       TBitBtn.SetKind
 0001:000536A8       TBitBtn.SetLayout
 0001:00053708       TBitBtn.SetMargin
 0001:000536C8       TBitBtn.SetNumGlyphs
 0001:000536F4       TBitBtn.SetSpacing
 0001:00053494       TBitBtn.SetStyle
 0001:00053424       TBitBtn.WMLButtonDblClk
 0001:0001D8D8       TBitmap.Assign
 0001:0001DA0C       TBitmap.Changing
 0001:0001D944       TBitmap.CopyImage
 0001:0001D860       TBitmap.Create
 0001:0001D8A8       TBitmap.Destroy
 0001:0001DA14       TBitmap.Dormant
 0001:0001DA28       TBitmap.Draw
 0001:0001DCE4       TBitmap.FreeContext
 0001:0001DBC8       TBitmap.FreeImage
 0001:0001DC20       TBitmap.GetCanvas
 0001:0001DC08       TBitmap.GetEmpty
 0001:0001DC60       TBitmap.GetHandle
 0001:0001DC84       TBitmap.GetHeight
 0001:0001DC8C       TBitmap.GetMonochrome
 0001:0001DC94       TBitmap.GetPalette
 0001:0001DCA8       TBitmap.GetTransparentColor
 0001:0001DCDC       TBitmap.GetWidth
 0001:0001DCF4       TBitmap.HandleNeeded
 0001:0001DE14       TBitmap.LoadFromClipboardFormat
 0001:0001DF24       TBitmap.LoadFromStream
 0001:0001DD28       TBitmap.MemoryImageNeeded
 0001:0001DF54       TBitmap.NewImage
 0001:0001DDDC       TBitmap.PaletteNeeded
 0001:0001E008       TBitmap.ReadData
 0001:0001E038       TBitmap.ReadStream
 0001:0001E0FC       TBitmap.ReadStreamDIB
 0001:0001E448       TBitmap.SaveToClipboardFormat
 0001:0001E440       TBitmap.SaveToStream
 0001:0001E234       TBitmap.SetHandle
 0001:0001E304       TBitmap.SetHeight
 0001:0001E334       TBitmap.SetMonochrome
 0001:0001E364       TBitmap.SetWidth
 0001:0001E394       TBitmap.WriteData
 0001:0001E39C       TBitmap.WriteStream
 0001:0001D3B0       TBitmapCanvas.Create
 0001:0001D460       TBitmapCanvas.CreateHandle
 0001:0001D3E8       TBitmapCanvas.Destroy
 0001:0001D410       TBitmapCanvas.FreeContext
 0001:0001D514       TBitmapImage.FreeHandle
 0001:00009E90       TBits.Destroy
 0001:00009EB8       TBits.Error
 0001:00009FAC       TBits.GetBit
 0001:00009FC4       TBits.OpenBit
 0001:00009F80       TBits.SetBit
 0001:00009EDC       TBits.SetSize
 0001:0004255C       TBlobField.Assign
 0001:000425F0       TBlobField.AssignTo
 0001:00042660       TBlobField.Clear
 0001:00042524       TBlobField.Create
 0001:0004267C       TBlobField.FreeBuffers
 0001:000426AC       TBlobField.GetAsString
 0001:00042718       TBlobField.GetAsVariant
 0001:0004276C       TBlobField.GetBlobType
 0001:00042770       TBlobField.GetText
 0001:000427C4       TBlobField.LoadFromBitmap
 0001:00042880       TBlobField.LoadFromBlob
 0001:000428D4       TBlobField.LoadFromStrings
 0001:00042928       TBlobField.SaveToBitmap
 0001:000429C4       TBlobField.SaveToStream
 0001:00042A1C       TBlobField.SaveToStrings
 0001:00042A70       TBlobField.SetAsString
 0001:00042ACC       TBlobField.SetBlobType
 0001:00042AD8       TBlobField.SetFieldType
 0001:00042AE8       TBlobField.SetText
 0001:00042B04       TBlobField.SetVarValue
 0001:00042BD0       TBlobStream.Create
 0001:00042CFC       TBlobStream.Destroy
 0001:00042FAC       TBlobStream.GetBlobSize
 0001:00042DCC       TBlobStream.Read
 0001:00042F48       TBlobStream.Seek
 0001:00042F7C       TBlobStream.Truncate
 0001:00042E48       TBlobStream.Write
 0001:000623FC       TBookmarkList.Clear
 0001:00062420       TBookmarkList.Compare
 0001:00062370       TBookmarkList.Create
 0001:0006245C       TBookmarkList.CurrentRow
 0001:00062600       TBookmarkList.Delete
 0001:000623CC       TBookmarkList.Destroy
 0001:000624EC       TBookmarkList.Find
 0001:000625E0       TBookmarkList.GetCount
 0001:0006248C       TBookmarkList.GetCurrentRowSelected
 0001:000625EC       TBookmarkList.LinkActive
 0001:00062708       TBookmarkList.SetCurrentRowSelected
 0001:00062794       TBookmarkList.StringsChanged
 0001:00041C60       TBooleanField.Create
 0001:00041CA0       TBooleanField.GetAsBoolean
 0001:00041CC4       TBooleanField.GetAsString
 0001:00041CF8       TBooleanField.GetAsVariant
 0001:00041D30       TBooleanField.GetDefaultWidth
 0001:00041D6C       TBooleanField.LoadTextValues
 0001:00041DE0       TBooleanField.SetAsBoolean
 0001:00041DF4       TBooleanField.SetAsString
 0001:00041F18       TBooleanField.SetDisplayValues
 0001:00041FA4       TBooleanField.SetVarValue
 0001:0001A1A4       TBrush.Assign
 0001:0001A148       TBrush.Create
 0001:0001A180       TBrush.Destroy
 0001:0001A22C       TBrush.GetColor
 0001:0001A1D8       TBrush.GetData
 0001:0001A268       TBrush.GetHandle
 0001:0001A2E4       TBrush.GetStyle
 0001:0001A208       TBrush.SetBitmap
 0001:0001A234       TBrush.SetColor
 0001:0001A1F8       TBrush.SetData
 0001:0001A2EC       TBrush.SetStyle
 0001:0002B830       TButton.Click
 0001:0002B9A8       TButton.CMDialogChar
 0001:0002B940       TButton.CMDialogKey
 0001:0002BA28       TButton.CMFocusChanged
 0001:0002B92C       TButton.CNCommand
 0001:0002B7D0       TButton.Create
 0001:0002B8D8       TButton.CreateParams
 0001:0002B914       TButton.CreateWnd
 0001:0002B854       TButton.SetButtonStyle
 0001:0002B8A8       TButton.SetDefault
 0001:0002B764       TButtonControl.WndProc
 0001:0005261C       TButtonGlyph.CalcButtonLayout
 0001:00051CF8       TButtonGlyph.Create
 0001:00051EE8       TButtonGlyph.CreateButtonGlyph
 0001:00051D84       TButtonGlyph.Destroy
 0001:000528F0       TButtonGlyph.Draw
 0001:00052490       TButtonGlyph.DrawButtonGlyph
 0001:0005254C       TButtonGlyph.DrawButtonText
 0001:00051E24       TButtonGlyph.GlyphChanged
 0001:00051DDC       TButtonGlyph.Invalidate
 0001:00051E54       TButtonGlyph.SetGlyph
 0001:00051ECC       TButtonGlyph.SetNumGlyphs
 0001:0004249C       TBytesField.Create
 0001:0001AD6C       TCanvas.BrushChanged
 0001:0001A40C       TCanvas.BrushCopy
 0001:0001AC40       TCanvas.Changed
 0001:0001AC2C       TCanvas.Changing
 0001:0001A610       TCanvas.CopyRect
 0001:0001A320       TCanvas.Create
 0001:0001ACB0       TCanvas.CreateBrush
 0001:0001AC54       TCanvas.CreateFont
 0001:0001AB60       TCanvas.CreateHandle
 0001:0001AC80       TCanvas.CreatePen
 0001:0001AB04       TCanvas.DeselectHandles
 0001:0001A3C0       TCanvas.Destroy
 0001:0001A698       TCanvas.DrawFocusRect
 0001:0001A6CC       TCanvas.FillRect
 0001:0001AD2C       TCanvas.FontChanged
 0001:0001A708       TCanvas.FrameRect
 0001:0001AAC0       TCanvas.GetClipRect
 0001:0001AAE4       TCanvas.GetHandle
 0001:0001AA08       TCanvas.GetPenPos
 0001:0001AA4C       TCanvas.GetPixel
 0001:0001A744       TCanvas.LineTo
 0001:0001A77C       TCanvas.MoveTo
 0001:0001AD4C       TCanvas.PenChanged
 0001:0001A7A8       TCanvas.Polyline
 0001:0001A7E0       TCanvas.Rectangle
 0001:0001ABB8       TCanvas.RequiredState
 0001:0001A9FC       TCanvas.SetBrush
 0001:0001A9E4       TCanvas.SetFont
 0001:0001AB64       TCanvas.SetHandle
 0001:0001A9F0       TCanvas.SetPen
 0001:0001AA2C       TCanvas.SetPenPos
 0001:0001AA78       TCanvas.SetPixel
 0001:0001A828       TCanvas.StretchDraw
 0001:0001A99C       TCanvas.TextHeight
 0001:0001A864       TCanvas.TextOut
 0001:0001A8D4       TCanvas.TextRect
 0001:0001A958       TCanvas.TextWidth
 0001:000371F0       TClipboard.Adding
 0001:000375F8       TClipboard.Assign
 0001:00037574       TClipboard.AssignGraphic
 0001:000374F0       TClipboard.AssignPicture
 0001:0003748C       TClipboard.AssignTo
 0001:000373C4       TClipboard.AssignToBitmap
 0001:00037428       TClipboard.AssignToMetafile
 0001:00037314       TClipboard.AssignToPicture
 0001:000371AC       TClipboard.Clear
 0001:0003720C       TClipboard.Close
 0001:00037294       TClipboard.GetAsText
 0001:00037238       TClipboard.Open
 0001:00037274       TClipboard.WndProc
 0001:0000A278       TCollection.Add
 0001:0000A284       TCollection.Assign
 0001:0000A318       TCollection.BeginUpdate
 0001:0000A31C       TCollection.Changed
 0001:0000A32C       TCollection.Clear
 0001:0000A20C       TCollection.Create
 0001:0000A244       TCollection.Destroy
 0001:0000A394       TCollection.EndUpdate
 0001:0000A3A0       TCollection.GetCount
 0001:0000A3A8       TCollection.GetItem
 0001:0000A3B4       TCollection.InsertItem
 0001:0000A3EC       TCollection.RemoveItem
 0001:0000A40C       TCollection.Update
 0001:0000A17C       TCollectionItem.Changed
 0001:0000A12C       TCollectionItem.Create
 0001:0000A15C       TCollectionItem.Destroy
 0001:0000A19C       TCollectionItem.GetIndex
 0001:0000A1B4       TCollectionItem.SetCollection
 0001:0000A1DC       TCollectionItem.SetIndex
 0001:000617C0       TColumn.Assign
 0001:00061694       TColumn.Create
 0001:000618E8       TColumn.CreateTitle
 0001:000618F8       TColumn.DefaultAlignment
 0001:00061914       TColumn.DefaultColor
 0001:00061928       TColumn.DefaultFont
 0001:00061940       TColumn.DefaultReadOnly
 0001:00061944       TColumn.DefaultWidth
 0001:00061788       TColumn.Destroy
 0001:00061AF4       TColumn.FontChanged
 0001:00061B10       TColumn.GetAlignment
 0001:00061B20       TColumn.GetColor
 0001:00061B30       TColumn.GetField
 0001:00061B9C       TColumn.GetFont
 0001:00061C04       TColumn.GetGrid
 0001:00061C2C       TColumn.GetPickList
 0001:00061C4C       TColumn.GetReadOnly
 0001:00061C5C       TColumn.GetWidth
 0001:00061C6C       TColumn.IsAlignmentStored
 0001:00061C8C       TColumn.IsColorStored
 0001:00061CAC       TColumn.IsFontStored
 0001:00061CB4       TColumn.IsReadOnlyStored
 0001:00061CD4       TColumn.IsWidthStored
 0001:00061CF4       TColumn.RefreshDefaultFont
 0001:00061D6C       TColumn.RestoreDefaults
 0001:00061DB8       TColumn.SetAlignment
 0001:00061DDC       TColumn.SetButtonStyle
 0001:00061DEC       TColumn.SetColor
 0001:00061E10       TColumn.SetField
 0001:00061E3C       TColumn.SetFieldName
 0001:00061EA8       TColumn.SetFont
 0001:00061EC4       TColumn.SetPickList
 0001:00061EF0       TColumn.SetReadOnly
 0001:00061F14       TColumn.SetTitle
 0001:00061F20       TColumn.SetWidth
 0001:00061264       TColumnTitle.Assign
 0001:000611D8       TColumnTitle.Create
 0001:00061328       TColumnTitle.DefaultAlignment
 0001:0006136C       TColumnTitle.DefaultCaption
 0001:0006132C       TColumnTitle.DefaultColor
 0001:00061348       TColumnTitle.DefaultFont
 0001:0006123C       TColumnTitle.Destroy
 0001:000613A0       TColumnTitle.FontChanged
 0001:000613B8       TColumnTitle.GetAlignment
 0001:000613E0       TColumnTitle.GetCaption
 0001:000613CC       TColumnTitle.GetColor
 0001:00061408       TColumnTitle.GetFont
 0001:00061484       TColumnTitle.IsAlignmentStored
 0001:000614D0       TColumnTitle.IsCaptionStored
 0001:000614A4       TColumnTitle.IsColorStored
 0001:000614C4       TColumnTitle.IsFontStored
 0001:00061538       TColumnTitle.RefreshDefaultFont
 0001:000615B4       TColumnTitle.RestoreDefaults
 0001:000615F8       TColumnTitle.SetAlignment
 0001:00061658       TColumnTitle.SetCaption
 0001:00061624       TColumnTitle.SetColor
 0001:0006164C       TColumnTitle.SetFont
 0001:0002A814       TComboBoxStrings.Add
 0001:0002A8B8       TComboBoxStrings.Clear
 0001:0002A898       TComboBoxStrings.Delete
 0001:0002A78C       TComboBoxStrings.Get
 0001:0002A770       TComboBoxStrings.GetCount
 0001:0002A7D0       TComboBoxStrings.GetObject
 0001:0002A854       TComboBoxStrings.Insert
 0001:0002A7F0       TComboBoxStrings.PutObject
 0001:0002A928       TComboBoxStrings.SetUpdateState
 0001:00069278       TComboButton.MouseDown
 0001:00069310       TComboButton.MouseMove
 0001:0000F064       TComponent.ChangeName
 0001:0000EADC       TComponent.Create
 0001:0000EE3C       TComponent.DefineProperties
 0001:0000EB20       TComponent.Destroy
 0001:0000ECFC       TComponent.DestroyComponents
 0001:0000ED28       TComponent.Destroying
 0001:0000EF8C       TComponent.FindComponent
 0001:0000EB94       TComponent.FreeNotification
 0001:0000EECC       TComponent.GetChildOwner
 0001:0000EED0       TComponent.GetChildParent
 0001:0000EEC4       TComponent.GetChildren
 0001:0000F078       TComponent.GetComponent
 0001:0000F09C       TComponent.GetComponentCount
 0001:0000EED8       TComponent.GetParentComponent
 0001:0000EEC0       TComponent.HasParent
 0001:0000EC20       TComponent.Insert
 0001:0000EC74       TComponent.InsertComponent
 0001:0000EEF8       TComponent.Loaded
 0001:0000ED60       TComponent.Notification
 0001:0000EBE0       TComponent.ReadLeft
 0001:0000EF04       TComponent.ReadState
 0001:0000EBF4       TComponent.ReadTop
 0001:0000EC4C       TComponent.Remove
 0001:0000ECBC       TComponent.RemoveComponent
 0001:0000EED4       TComponent.SetChildOrder
 0001:0000F0AC       TComponent.SetComponentIndex
 0001:0000F100       TComponent.SetDesigning
 0001:0000EFDC       TComponent.SetName
 0001:0000EEDC       TComponent.SetParentComponent
 0001:0000F140       TComponent.SetReference
 0001:0000EEEC       TComponent.Updated
 0001:0000EEE0       TComponent.Updating
 0001:0000EF14       TComponent.ValidateRename
 0001:0000EC08       TComponent.WriteLeft
 0001:0000EF0C       TComponent.WriteState
 0001:0000EC14       TComponent.WriteTop
 0001:00013C1C       TControl.BeginDrag
 0001:000138D0       TControl.BringToFront
 0001:00013418       TControl.ChangeScale
 0001:0001415C       TControl.CheckMenuPopup
 0001:00013FF4       TControl.Click
 0001:000133A8       TControl.ClientToScreen
 0001:00014464       TControl.CMColorChanged
 0001:000144F8       TControl.CMDesignHitTest
 0001:00014454       TControl.CMEnabledChanged
 0001:0001445C       TControl.CMFontChanged
 0001:000144C0       TControl.CMHitTest
 0001:000144C8       TControl.CMMouseEnter
 0001:000144E0       TControl.CMMouseLeave
 0001:0001446C       TControl.CMParentColorChanged
 0001:000144A4       TControl.CMParentFontChanged
 0001:00014488       TControl.CMParentShowHintChanged
 0001:0001442C       TControl.CMVisibleChanged
 0001:00012F00       TControl.Create
 0001:00014010       TControl.DblClick
 0001:00013EDC       TControl.DefaultHandler
 0001:00013FA4       TControl.DefineProperties
 0001:00012F88       TControl.Destroy
 0001:00013D6C       TControl.DoDragMsg
 0001:00013D40       TControl.DoEndDrag
 0001:0001405C       TControl.DoMouseDown
 0001:00014300       TControl.DoMouseUp
 0001:00013D20       TControl.DoStartDrag
 0001:00013CB0       TControl.DragCanceled
 0001:00013CFC       TControl.DragDrop
 0001:00013CB4       TControl.Dragging
 0001:00013CC0       TControl.DragOver
 0001:00013788       TControl.FontChanged
 0001:0001327C       TControl.GetBoundsRect
 0001:00013318       TControl.GetClientHeight
 0001:00013358       TControl.GetClientOrigin
 0001:000132BC       TControl.GetClientRect
 0001:000132D4       TControl.GetClientWidth
 0001:00013984       TControl.GetDeviceContext
 0001:00012FCC       TControl.GetDragImages
 0001:00013898       TControl.GetMouseCapture
 0001:00012FD0       TControl.GetPalette
 0001:00012FDC       TControl.GetParentComponent
 0001:00014158       TControl.GetPopupMenu
 0001:000136F4       TControl.GetText
 0001:000136B4       TControl.GetTextBuf
 0001:000136A4       TControl.GetTextLen
 0001:00012FD4       TControl.HasParent
 0001:00013AFC       TControl.Invalidate
 0001:00013A70       TControl.InvalidateControl
 0001:00013854       TControl.IsColorStored
 0001:000137CC       TControl.IsFontStored
 0001:000137D4       TControl.IsShowHintStored
 0001:0001402C       TControl.MouseDown
 0001:00014270       TControl.MouseMove
 0001:000142D0       TControl.MouseUp
 0001:00013104       TControl.Notification
 0001:00013004       TControl.PaletteChanged
 0001:00013E00       TControl.Perform
 0001:00013F54       TControl.ReadIsControl
 0001:00013094       TControl.ReadState
 0001:00013B1C       TControl.Refresh
 0001:00013B24       TControl.Repaint
 0001:00013084       TControl.RequestAlign
 0001:000133D4       TControl.ScreenToClient
 0001:00013400       TControl.SendCancelMode
 0001:00013130       TControl.SetAlign
 0001:00013190       TControl.SetBounds
 0001:0001329C       TControl.SetBoundsRect
 0001:00013330       TControl.SetClientHeight
 0001:000135C0       TControl.SetClientSize
 0001:000132EC       TControl.SetClientWidth
 0001:00013838       TControl.SetColor
 0001:0001387C       TControl.SetCursor
 0001:00013080       TControl.SetDragMode
 0001:0001368C       TControl.SetEnabled
 0001:000137C0       TControl.SetFont
 0001:0001325C       TControl.SetHeight
 0001:000131FC       TControl.SetLeft
 0001:000138A8       TControl.SetMouseCapture
 0001:00013520       TControl.SetName
 0001:00013608       TControl.SetParent
 0001:0001385C       TControl.SetParentColor
 0001:00012FE0       TControl.SetParentComponent
 0001:000137DC       TControl.SetParentFont
 0001:00013818       TControl.SetParentShowHint
 0001:000136C0       TControl.SetPopupMenu
 0001:000137FC       TControl.SetShowHint
 0001:00013724       TControl.SetText
 0001:000136D0       TControl.SetTextBuf
 0001:0001321C       TControl.SetTop
 0001:00013650       TControl.SetVisible
 0001:0001323C       TControl.SetWidth
 0001:00013960       TControl.SetZOrder
 0001:000138E0       TControl.SetZOrderPosition
 0001:00013B0C       TControl.Update
 0001:00013E2C       TControl.VisibleChanging
 0001:000143F4       TControl.WMCancelMode
 0001:00014104       TControl.WMLButtonDblClk
 0001:0001409C       TControl.WMLButtonDown
 0001:00014338       TControl.WMLButtonUp
 0001:00014248       TControl.WMMButtonDblClk
 0001:00014220       TControl.WMMButtonDown
 0001:000143D4       TControl.WMMButtonUp
 0001:00014298       TControl.WMMouseMove
 0001:000140E8       TControl.WMNCLButtonDown
 0001:000141F8       TControl.WMRButtonDblClk
 0001:000141D0       TControl.WMRButtonDown
 0001:000143AC       TControl.WMRButtonUp
 0001:00013E30       TControl.WndProc
 0001:00013F68       TControl.WriteIsControl
 0001:00012E5C       TControlCanvas.CreateHandle
 0001:00012E34       TControlCanvas.Destroy
 0001:00012EB4       TControlCanvas.FreeHandle
 0001:00012EE8       TControlCanvas.SetControl
 0001:000201F4       TControlScrollBar.Assign
 0001:000202D4       TControlScrollBar.CalcAutoRange
 0001:0002040C       TControlScrollBar.ControlSize
 0001:000201A8       TControlScrollBar.Create
 0001:00020628       TControlScrollBar.DoSetRange
 0001:00020654       TControlScrollBar.IsRangeStored
 0001:0002048C       TControlScrollBar.NeedsScrollBarVisible
 0001:000204A4       TControlScrollBar.ScrollMessage
 0001:0002056C       TControlScrollBar.SetPosition
 0001:00020640       TControlScrollBar.SetRange
 0001:00020660       TControlScrollBar.SetVisible
 0001:0002066C       TControlScrollBar.Update
 0001:000416BC       TCurrencyField.Create
 0001:0002BCB4       TCustomCheckBox.CMCtl3DChanged
 0001:0002BCBC       TCustomCheckBox.CMDialogChar
 0001:0002BD4C       TCustomCheckBox.CNCommand
 0001:0002BA78       TCustomCheckBox.Create
 0001:0002BB8C       TCustomCheckBox.CreateParams
 0001:0002BBF8       TCustomCheckBox.CreateWindowHandle
 0001:0002BBCC       TCustomCheckBox.CreateWnd
 0001:0002BB24       TCustomCheckBox.GetChecked
 0001:0002BB30       TCustomCheckBox.SetAlignment
 0001:0002BB44       TCustomCheckBox.SetState
 0001:0002BAE4       TCustomCheckBox.Toggle
 0001:0002BD5C       TCustomCheckBox.WMSetFocus
 0001:0002B380       TCustomComboBox.AdjustDropDown
 0001:0002B530       TCustomComboBox.Change
 0001:0002AE60       TCustomComboBox.CMCancelMode
 0001:0002AE74       TCustomComboBox.CMCtl3DChanged
 0001:0002AE98       TCustomComboBox.CMParentColorChanged
 0001:0002B3F0       TCustomComboBox.CNCommand
 0001:0002B634       TCustomComboBox.CNDrawItem
 0001:0002B6F4       TCustomComboBox.CNMeasureItem
 0001:0002AF94       TCustomComboBox.ComboWndProc
 0001:0002A95C       TCustomComboBox.Create
 0001:0002ABE4       TCustomComboBox.CreateParams
 0001:0002AC54       TCustomComboBox.CreateWnd
 0001:0002AA4C       TCustomComboBox.Destroy
 0001:0002AD7C       TCustomComboBox.DestroyWnd
 0001:0002B54C       TCustomComboBox.DrawItem
 0001:0002B5F8       TCustomComboBox.DropDown
 0001:0002AEC0       TCustomComboBox.EditWndProc
 0001:0002AAB4       TCustomComboBox.GetDroppedDown
 0001:0002ABA8       TCustomComboBox.GetItemHeight
 0001:0002AAFC       TCustomComboBox.GetItemIndex
 0001:0002AF7C       TCustomComboBox.ListWndProc
 0001:0002B614       TCustomComboBox.MeasureItem
 0001:0002AAD8       TCustomComboBox.SetDroppedDown
 0001:0002ABCC       TCustomComboBox.SetItemHeight
 0001:0002ABD8       TCustomComboBox.SetItems
 0001:0002AB18       TCustomComboBox.SetMaxLength
 0001:0002AB50       TCustomComboBox.SetSorted
 0001:0002AB64       TCustomComboBox.SetStyle
 0001:0002ADBC       TCustomComboBox.WMCreate
 0001:0002AE34       TCustomComboBox.WMDeleteItem
 0001:0002AE24       TCustomComboBox.WMDrawItem
 0001:0002ADDC       TCustomComboBox.WMEraseBkgnd
 0001:0002AE3C       TCustomComboBox.WMGetDlgCode
 0001:0002B71C       TCustomComboBox.WMLButtonDown
 0001:0002AE2C       TCustomComboBox.WMMeasureItem
 0001:0002B25C       TCustomComboBox.WndProc
 0001:000175F8       TCustomControl.Create
 0001:0001764C       TCustomControl.Destroy
 0001:000176D4       TCustomControl.Paint
 0001:00017680       TCustomControl.PaintWindow
 0001:00017678       TCustomControl.WMPaint
 0001:00062CB4       TCustomDBGrid.AcquireFocus
 0001:00062D20       TCustomDBGrid.AcquireLayoutLock
 0001:00062D48       TCustomDBGrid.BeginLayout
 0001:00062D70       TCustomDBGrid.BeginUpdate
 0001:00062D78       TCustomDBGrid.CancelLayout
 0001:00062DA4       TCustomDBGrid.CanEditAcceptKey
 0001:00062DF4       TCustomDBGrid.CanEditModify
[...]
 0001:00063E6C       TCustomDBGrid.KeyDown
 0001:0006428C       TCustomDBGrid.KeyPress
 0001:000642B8       FieldIsMapped
 0001:0006430C       TCustomDBGrid.InternalLayout
 0001:000647F8       TCustomDBGrid.LayoutChanged
 0001:00064810       TCustomDBGrid.LinkActive
 0001:00064858       TCustomDBGrid.Loaded
 0001:00064894       TCustomDBGrid.MouseDown
 0001:00064A94       TCustomDBGrid.MoveCol
 0001:00064B78       TCustomDBGrid.Notification
 0001:00064CA4       TCustomDBGrid.RecordChanged
 0001:00064D94       TCustomDBGrid.Scroll
 0001:00064FB0       TCustomDBGrid.SetColumns
 0001:00064FBC       ReadOnlyField
 0001:00064FF0       TCustomDBGrid.SetColumnAttributes
 0001:000650B8       TCustomDBGrid.SetDataSource
 0001:00065104       TCustomDBGrid.SetEditText
 0001:00065120       TCustomDBGrid.SetOptions
 0001:00065230       TCustomDBGrid.SetTitleFont
 0001:00065254       TCustomDBGrid.StoreColumns
 0001:0006526C       TCustomDBGrid.TimedScroll
 0001:000652EC       TCustomDBGrid.TitleFontChanged
 0001:0006531C       TCustomDBGrid.UpdateActive
 0001:000653E8       TCustomDBGrid.UpdateData
 0001:00065404       TCustomDBGrid.UpdateRowCount
 0001:000654AC       TCustomDBGrid.UpdateScrollBar
 0001:00065530       TCustomDBGrid.CMParentFontChanged
 0001:0006559C       TCustomDBGrid.CMExit
 0001:00065638       TCustomDBGrid.CMFontChanged
 0001:000656B4       TCustomDBGrid.CMDeferLayout
 0001:000656D4       TCustomDBGrid.CMDesignHitTest
 0001:00065764       TCustomDBGrid.WMSetCursor
 0001:000657C4       TCustomDBGrid.WMSize
 0001:000657E0       TCustomDBGrid.WMVScroll
 0001:00066978       TDBLookupCombo.Create
 0001:00066B0C       TDBLookupCombo.Destroy
 0001:00066B48       TDBLookupCombo.Notification
 0001:00066B98       TDBLookupCombo.Editable
 0001:00066BC8       TDBLookupCombo.CanEdit
 0001:00066BF8       TDBLookupCombo.KeyDown
 0001:00066CD8       TDBLookupCombo.KeyPress
 0001:00066DB0       TDBLookupCombo.Change
 0001:00066DD0       TDBLookupCombo.GetDataSource
 0001:00066DDC       TDBLookupCombo.SetDataSource
 0001:00066EA8       TDBLookupCombo.GetLookupSource
 0001:00066EB4       TDBLookupCombo.SetLookupSource
 0001:00066F5C       TDBLookupCombo.SetLookupDisplay
 0001:00066F8C       TDBLookupCombo.GetLookupDisplay
 0001:00066FA8       TDBLookupCombo.SetLookupField
 0001:00066FD0       TDBLookupCombo.GetLookupField
 0001:00066FEC       TDBLookupCombo.GetDataField
 0001:00067008       TDBLookupCombo.SetDataField
 0001:00067014       TDBLookupCombo.DataChange
 0001:00067084       TDBLookupCombo.SetValue
 0001:0006718C       TDBLookupCombo.GetReadOnly
 0001:00067198       TDBLookupCombo.SetReadOnly
 0001:000671BC       TDBLookupCombo.EditingChange
 0001:000671D4       TDBLookupCombo.UpdateData
 0001:00067260       TDBLookupCombo.FieldLinkActive
 0001:0006729C       TDBLookupCombo.WMPaste
 0001:000672D0       TDBLookupCombo.WMCut
 0001:00067304       TDBLookupCombo.CreateParams
 0001:00067320       TDBLookupCombo.CreateWnd
 0001:00067348       TDBLookupCombo.SetEditRect
 0001:00067394       TDBLookupCombo.WMSize
 0001:00067454       TDBLookupCombo.GetMinHeight
 0001:000674D0       TDBLookupCombo.WMPaint
 0001:000676FC       TDBLookupCombo.CMFontChanged
 0001:00067710       TDBLookupCombo.CMEnabledChanged
 0001:0006772C       TDBLookupCombo.WMKillFocus
 0001:00067744       TDBLookupCombo.CMCancelMode
 0001:00067770       TDBLookupCombo.CMHintShow
 0001:00067780       TDBLookupCombo.DropDown
 0001:000679D4       TDBLookupCombo.CloseUp
 0001:000679E4       TDBLookupCombo.GridClick
 0001:00067A20       TDBLookupCombo.SetStyle
 0001:00067A30       TDBLookupCombo.WMLButtonDown
 0001:00067A5C       TDBLookupCombo.WMLButtonUp
 0001:00067A84       TDBLookupCombo.WMLButtonDblClk
 0001:00067AB0       TDBLookupCombo.NonEditMouseDown
 0001:00067B30       MouseDragToGrid
 0001:00067C00       TDBLookupCombo.MouseMove
 0001:00067C5C       TDBLookupCombo.WMSetFocus
 0001:00067C80       TDBLookupCombo.CMExit
 0001:00067CF8       TDBLookupCombo.CMEnter
 0001:00067D34       TDBLookupCombo.DoSelectAll
 0001:00067D4C       TDBLookupCombo.SetOptions
 0001:00067D60       TDBLookupCombo.GetOptions
 0001:00067D70       TDBLookupCombo.Loaded
 0001:00067D88       TDBLookupList.Create
 0001:00067E4C       TDBLookupList.Destroy
 0001:00067E88       TDBLookupList.CreateWnd
 0001:00067EA0       TDBLookupList.Notification
 0001:00067EDC       TDBLookupList.GetDataSource
 0001:00067EE8       TDBLookupList.SetDataSource
 0001:00067F88       TDBLookupList.GetLookupSource
 0001:00067F90       TDBLookupList.NewLayout
 0001:00067FBC       TDBLookupList.SetLookupSource
 0001:00068090       TDBLookupList.SetLookupDisplay
 0001:000680BC       TDBLookupList.SetLookupField
 0001:000680E8       TDBLookupList.SetValue
 0001:00068244       TDBLookupList.SetDisplayValue
 0001:00068384       TDBLookupList.DoLookup
 0001:000684A4       TDBLookupList.GetDataField
 0001:000684C0       TDBLookupList.SetDataField
 0001:000684CC       TDBLookupList.GetReadOnly
 0001:000684D8       TDBLookupList.CanEdit
 0001:000684F0       TDBLookupList.SetReadOnly
 0001:000684FC       TDBLookupList.DataChange
 0001:0006856C       TDBLookupList.UpdateData
 0001:00068588       TDBLookupList.InitFields
 0001:0006871C       TDBLookupList.DefineFieldMap
 0001:000687D0       TDBLookupList.SetColumnAttributes
 0001:00068858       TDBLookupList.WMSize
 0001:00068870       TDBLookupList.CanGridAcceptKey
 0001:000689BC       TDBLookupList.KeyDown
 0001:00068A4C       TDBLookupList.KeyPress
 0001:00068A88       TDBLookupList.MouseDown
 0001:00068BC8       TDBLookupList.MouseMove
 0001:00068C14       TDBLookupList.MouseUp
 0001:00068C70       TDBLookupList.ListClick
 0001:00068D40       TDBLookupList.HighlightCell
 0001:00068E8C       TDBLookupList.Paint
 0001:00068EE8       TDBLookupList.Scroll
 0001:00068F24       TDBLookupList.LinkActive
 0001:00068FC0       TDBLookupList.FieldLinkActive
 0001:00068FE0       TDBLookupList.CMEnter
 0001:00069000       TDBLookupList.CMExit
 0001:00069074       TDBLookupList.SetOptions
 0001:000690FC       TDBLookupList.Loaded
 0001:00069114       TPopupGrid.Create
 0001:00069154       TPopupGrid.CreateParams
 0001:00069168       TPopupGrid.CreateWnd
 0001:000691B0       TPopupGrid.WMLButtonUp
 0001:000691CC       TPopupGrid.CanEdit
 0001:000691EC       TPopupGrid.MouseDown
 0001:00069228       TPopupGrid.LinkActive
 0001:00069270       TPopupGrid.CMHintShow
 0001:00069278       TComboButton.MouseDown
 0001:00069310       TComboButton.MouseMove
 0001:00069368       StringFromCLSID
 0001:00069370       CoTaskMemFree
 0001:00069378       OleInitialize
 0001:00069380       OleUninitialize
 0001:00069388       SysFreeString
 0001:00069410       OleError
 0001:000694A4       OleCheck
 0001:000694B0       ClassIDToString
 0001:000694DC       CreateRegKey
 0001:0006950C       DeleteRegKey
 0001:00069524       GetServerKey
 0001:00069580       FindCmdLineSwitch
 0001:0006961C       VarToInterface
 0001:00069644       DispInvoke
 0001:000698F8       DispInvokeError
 0001:00069A6C       GetIDsOfNames
 0001:00069B14       VarDispInvoke
 0001:00069B60       TRegistryClass.UpdateRegistry
 0001:00069E34       InitAutomation
 0001:00069E50       TAutomation.Create
 0001:00069F18       TAutomation.Destroy
 0001:00069F44       TAutomation.Initialize
 0001:00069F68       TAutomation.UpdateRegistry
 0001:00069F88       finalization
 0001:00069F98       OleAuto
 0001:00069FDC       Initialize
 0001:0006A0AC       OleCtnrs
 0001:0006B204       TForm1.Edit1Exit
 0001:0006B2A8       TForm1.Edit2Exit
 0001:0006B34C       TForm1.Button2Click
 0001:0006B49C       TForm1.BitBtn1Click
 0001:0006B4C8       TForm1.BitBtn2Click
 0001:0006B4F4       TForm1.Button1Click
 0001:0006B524       TForm1.ListBox1DblClick
 0001:0006B5FC       TForm1.ListBox2DblClick
 0001:0006B76C       TForm1.Memo1Change
 0001:0006B858       TForm1.BtnApplyFilterClick
 0001:0006B99C       TForm1.BtnClearClick
 0001:0006BA30       TForm1.BtnCloseClick
 0001:0006BAB0       TForm1.Edit3Exit
 0001:0006BBE0       TForm1.Button3Click
 0001:0006BCDC       TForm1.SpeedButton2Click
 0001:0006BD58       TForm1.SpeedButton3Click
 0001:0006BDD4       TForm1.Table1AfterInsert
 0001:0006BDE0       TForm1.Table2AfterInsert
 0001:0006BDEC       TForm1.DBEdit19Exit
 0001:0006BDF8       Staj
 0002:00000000       HeapAllocFlags
 0002:00000004       DebugHook
 0002:00000008       VarDispProc
 0002:000000DC       Win32Platform
 0002:00000220       C10000
 0002:00000224       FilerSignature
 0002:00000228       ClassList
 0002:0000022C       ClassAliasList
 0002:00000230       IntConstList
 0002:00000234       NilMethod
 0002:0000023C       @FinalizationRec
 0002:00000248       @FinalizationRec
 0002:00000254       MenuKeyCapIDs
 0002:00000278       Checks
 0002:00000280       Enables
 0002:00000288       Breaks
 0002:00000294       Separators
 0002:0000029C       IBreaks
 0002:000002A8       IChecks
 0002:000002B0       IDefaults
 0002:000002B8       IEnables
 0002:000002C0       IRadios
 0002:000002C8       ISeparators
 0002:000002D0       Flags
 0002:000002D8       CreationControl
 0002:000002DC       Cursors
 0002:0000037C       CaptureControl
 0002:00000380       ShowFlags
 0002:00000384       WindowPos
 0002:00000388       Mask
 0002:00000390       DrawingStyles
 0002:000003A0       Images
 0002:000003A8       Colors
 0002:000004F8       DefFontData
 0002:00000524       DefPenData
 0002:00000534       PenStyles
 0002:00000544       DefBrushData
 0002:00000554       MonoBmp
 0002:00000558       PenModes
 0002:00000578       WMFMetafileFormat
 0002:0000058C       MetaFileFormat
 0002:000005A0       IconFormat
 0002:000005B4       BitmapFormat
 0002:000005C8       FileFormatList
 0002:000005CC       WMFMetafileClipFormat
 0002:000005D8       MetafileClipFormat
 0002:000005E4       BitmapClipFormat
 0002:000005F0       ClipboardFormatList
 0002:000005F4       BitmapCanvasList
 0002:000005F8       Ctl3DBtnWndProc
 0002:000005FC       Ctl3DDlgFramePaint
 0002:00000600       Ctl3DCtlColorEx
 0002:00000604       HintWindowClass
 0002:00000608       FocusMessages
 0002:0000060C       FocusCount
 0002:00000610       TaskActiveWindow
 0002:00000614       TaskFirstWindow
 0002:00000618       TaskFirstTopMost
 0002:0000061C       TaskWindowList
 0002:00000620       Ctl3DHandle
 0002:00000624       BlockCode
 0002:00000628       UtilWindowClass
 0002:00000650       ShowCommands
 0002:0000065C       ShowCommands
 0002:00000668       ShowCommands
 0002:00000674       CursorMap
 0002:000006C0       WindowClass
 0002:000006E8       BorderStyles
 0002:000006F0       Alignments
 0002:000006F8       WordWraps
 0002:000006FC       Passwords
 0002:00000704       ReadOnlys
 0002:0000070C       CharCases
 0002:00000718       HideSelections
 0002:00000720       OEMConverts
 0002:00000728       Empty
 0002:0000072C       Alignments
 0002:00000738       ScrollBar
 0002:00000748       WordWraps
 0002:00000750       ComboBoxStyles
 0002:00000764       Sorts
 0002:0000076C       ButtonStyles
 0002:00000774       Alignments
 0002:0000077C       Alignments
 0002:00000784       Styles
 0002:00000790       Sorteds
 0002:00000798       MultiSelects
 0002:000007A0       ExtendSelects
 0002:000007A8       IntegralHeights
 0002:000007B0       MultiColumns
 0002:000007B8       TabStops
 0002:000007C0       BorderStyles
 0002:000007C8       Alignments
 0002:000007D0       WndProcPtrAtom
 0002:000007D4       Captions
 0002:000007E0       IconIDs
 0002:000007F4       ButtonNames
 0002:00000818       ButtonCaptions
 0002:0000082C       ModalResults
 0002:00000850       @FinalizationRec
 0002:0000085C       .
 0002:00001294       INFO_IDAPI32
 0002:000012C4       .
 0002:000013A0       __APIINFOTABLE
 0002:000013A0       __APIINFOTABLEEND
 0002:000013A0       @FinalizationRec
 0002:000013AC       DefaultBlank
 0002:000013B0       MaskFieldSeparator
 0002:000013B4       MaskNoSave
 0002:000013B8       FConst10
 0002:000013BC       CWNear
 0002:000013C0       Power10
 0002:000013D0       OpenModes
 0002:000013D8       ShareModes
 0002:000013E0       Names
 0002:000013F0       TypeMap
 0002:0000141C       SubTypeMap
 0002:00001448       Names
 0002:00001458       TypeMap
 0002:00001470       DataType
 0002:00001478       Values
 0002:0000147C       StartTime
 0002:00001480       AcquiredTimer
 0002:00001484       StartFlags
 0002:00001488       FieldClasses
 0002:000014E0       TypeMap
 0002:000014F4       BlobTypeMap
 0002:000014FC       ReverseOperator
 0002:00001514       BoolFalse
 0002:00001518       Operators
 0002:00001530       BaseTypes
 0002:00001548       CBRetCode
 0002:0000155C       Events
 0002:00001560       @FinalizationRec
 0002:0000156C       Registered
 0002:00001570       BitBtnResNames
 0002:0000159C       BitBtnCaptions
 0002:000015B4       BitBtnModalResults
 0002:000015E0       GlyphCache
 0002:000015E4       Pattern
 0002:000015E8       ButtonCount
 0002:000015EC       NewState
 0002:000015F0       @FinalizationRec
 0002:000015FC       BtnTypeName
 0002:00001624       BtnHintId
 0002:00001638       SearchTickCount
 0002:0000163C       AlignFlags
 0002:00001648       GUID_NULL
 0002:00001658       @FinalizationRec
 0002:00002000       ExceptProc
 0002:00002004       ErrorProc
 0002:00002008       ExceptClsProc
 0002:0000200C       ExceptObjProc
 0002:00002010       ExceptionClass
 0002:00002014       HInstance
 0002:00002018       CmdShow
 0002:0000201C       CmdLine
 0002:00002020       InitProc
 0002:00002024       ExitCode
 0002:00002028       ExitProc
 0002:0000202C       ErrorAddr
 0002:00002030       RandSeed
 0002:00002034       IsLibrary
 0002:00002035       IsConsole
 0002:00002036       IsMultiThread
 0002:00002037       FileMode
 0002:00002038       Test8086
 0002:00002039       Test8087
 0002:0000203C       Input
 0002:00002208       Output
 0002:000023D4       TlsIndex
 0002:000023D8       TlsIndex4
 0002:000023E0       Unassigned
 0002:000023F0       Null
 0002:00002400       AllocMemCount
 0002:00002404       AllocMemSize
 0002:00002494       CurrencyString
 0002:00002498       CurrencyFormat
 0002:00002499       NegCurrFormat
 0002:0000249A       ThousandSeparator
 0002:0000249B       DecimalSeparator
 0002:0000249C       CurrencyDecimals
 0002:0000249D       DateSeparator
 0002:000024A0       ShortDateFormat
 0002:000024A4       LongDateFormat
 0002:000024A8       TimeSeparator
 0002:000024AC       TimeAMString
 0002:000024B0       TimePMString
 0002:000024B4       ShortTimeFormat
 0002:000024B8       LongTimeFormat
 0002:000024BC       ShortMonthNames
 0002:000024EC       LongMonthNames
 0002:0000251C       ShortDayNames
 0002:00002538       LongDayNames
 0002:00002558       MainThreadID
 0002:0000255C       FindGlobalComponent
 0002:00002560       GlobalLoaded
 0002:00002564       GlobalLists
 0002:00002568       GlobalFixupList
 0002:0000256C       FPrinter
 0002:00002570       MenuKeyCaps
 0002:000025B8       CommandPool
 0002:000025BC       PopupList
 0002:000025C0       NewStyleControls
 0002:000025C2       WindowAtom
 0002:000025C4       ControlAtom
 0002:000025C8       DragControl
 0002:000025CC       DragObject
 0002:000025D0       DragFreeObject
 0002:000025D4       DragTarget
 0002:000025D8       DragHandle
 0002:000025DC       DragCapture
 0002:000025E0       DragStartPos
 0002:000025E8       DragPos
 0002:000025F0       DragSaveCursor
 0002:000025F4       DragActive
 0002:000025F8       DragImageList
 0002:000025FC       CanvasList
 0002:00002600       ScreenLogPixels
 0002:00002604       StockPen
 0002:00002608       StockBrush
 0002:0000260C       StockFont
 0002:00002610       StockIcon
 0002:00002614       FontManager
 0002:00002618       PenManager
 0002:0000261C       BrushManager
 0002:00002620       CanvasList
 0002:00002624       Application
 0002:00002628       Screen
 0002:0000262C       Ctl3DRegister
 0002:00002630       Ctl3DUnregister
 0002:00002634       Ctl3DSubclassCtl
 0002:00002638       Ctl3DSubclassDlg
 0002:0000263C       Ctl3DAutoSubclass
 0002:00002640       Ctl3DUnAutoSubclass
 0002:00002644       Ctl3DColorChange
 0002:00002648       InstBlockList
 0002:0000264C       InstFreeList
 0002:00002650       HintHook
 0002:00002654       HintThread
 0002:00002658       HelpMsg
 0002:0000265C       FindMsg
 0002:00002660       .
 0002:00002678       CF_PICTURE
 0002:0000267A       CF_COMPONENT
 0002:0000267C       FClipboard
 0002:00002680       Session
 0002:00002684       Sessions
 0002:00002688       FCSect
 0002:000026A0       TimerID
 0002:000026A4       BDEInitProcs
 0002:000026A8       BitBtnGlyphs
 0002:000026D4       DrawBitmap
 0002:000026D8       UserCount
 0002:000026DC       Automation
 0002:000026E0       SaveInitProc
 0002:000026E4       PixPerInch
 0002:000026EC       CFObjectDescriptor
 0002:000026F0       CFEmbeddedObject
 0002:000026F4       CFLinkSource
 0002:000026F8       DataFormats
 0002:00002720       Form1
 0002:00002724       bak


Line numbers for Staj1(STAJ1.PAS) segment .text

   270 0001:0006B204   271 0001:0006B222   272 0001:0006B232   273 0001:0006B25A
   274 0001:0006B267   275 0001:0006B281   275 0001:0006B291   278 0001:0006B2A8
   279 0001:0006B2C6   280 0001:0006B2D6   281 0001:0006B2FE   282 0001:0006B30B
   283 0001:0006B325   283 0001:0006B335   288 0001:0006B34C   289 0001:0006B34F
   290 0001:0006B360   291 0001:0006B36B   292 0001:0006B37A   293 0001:0006B390
   294 0001:0006B3A6   295 0001:0006B3BC   296 0001:0006B3D2   297 0001:0006B3E8
   298 0001:0006B3FE   299 0001:0006B414   302 0001:0006B49C   303 0001:0006B49F
   304 0001:0006B4AC   305 0001:0006B4B9   306 0001:0006B4C4   309 0001:0006B4C8
   310 0001:0006B4CB   311 0001:0006B4D8   312 0001:0006B4E5   313 0001:0006B4F0
   316 0001:0006B4F4   317 0001:0006B4F7   320 0001:0006B504   322 0001:0006B509
   318 0001:0006B514   324 0001:0006B520   328 0001:0006B524   329 0001:0006B53E
   330 0001:0006B552   331 0001:0006B579   332 0001:0006B5CE   332 0001:0006B5E6
   337 0001:0006B5FC   338 0001:0006B618   339 0001:0006B635   341 0001:0006B671
   342 0001:0006B698   346 0001:0006B6E2   347 0001:0006B6EF   350 0001:0006B707
   350 0001:0006B727   355 0001:0006B76C   356 0001:0006B788   357 0001:0006B7AC
   358 0001:0006B7CB   357 0001:0006B81B   360 0001:0006B82B   360 0001:0006B843
   363 0001:0006B858   364 0001:0006B870   366 0001:0006B881   368 0001:0006B88A
   369 0001:0006B89D   371 0001:0006B8B1   372 0001:0006B8C9   375 0001:0006B8D4
   376 0001:0006B8DD   380 0001:0006B8E6   382 0001:0006B8F7   384 0001:0006B900
   385 0001:0006B913   387 0001:0006B927   388 0001:0006B93F   391 0001:0006B94A
   392 0001:0006B953   396 0001:0006B969   396 0001:0006B979   401 0001:0006B99C
   402 0001:0006B9B4   403 0001:0006B9C5   404 0001:0006B9D3   405 0001:0006B9E0
   406 0001:0006B9F7   408 0001:0006BA18   408 0001:0006BA28   411 0001:0006BA30
   412 0001:0006BA33   414 0001:0006BA44   415 0001:0006BA54   417 0001:0006BA64
   419 0001:0006BA75   420 0001:0006BA85   422 0001:0006BA95   425 0001:0006BAB0
   426 0001:0006BACC   427 0001:0006BAE0   428 0001:0006BB07   429 0001:0006BB84
   430 0001:0006BB9E   430 0001:0006BBBE   435 0001:0006BBE0   436 0001:0006BBE3
   437 0001:0006BBEE   438 0001:0006BBFF   439 0001:0006BC0E   440 0001:0006BC24
   441 0001:0006BC3A   442 0001:0006BC50   443 0001:0006BC66   450 0001:0006BC7C
   455 0001:0006BCDC   456 0001:0006BCDF   457 0001:0006BCEF   458 0001:0006BCFC
   459 0001:0006BD07   460 0001:0006BD1A   461 0001:0006BD24   464 0001:0006BD58
   465 0001:0006BD5B   466 0001:0006BD6B   467 0001:0006BD78   468 0001:0006BD83
   469 0001:0006BD96   470 0001:0006BDA0   474 0001:0006BDD4   475 0001:0006BDDF
   479 0001:0006BDE0   480 0001:0006BDEB   484 0001:0006BDEC   485 0001:0006BDF7
   487 0001:0006BDF8

Line numbers for Staj(C:\staj20\Staj.dpr) segment .text

     9 0001:0006BDF8    10 0001:0006BE44    11 0001:0006BE58    12 0001:0006BE62

Program entry point at 0001:0006BDF8
